../Core/Src/app_freertos.c:164:6:calculate_gyro_angles	80	static
../Core/Src/app_freertos.c:178:6:calculate_accl_angles	104	static
../Core/Src/app_freertos.c:196:6:calculate_kalm_angles	112	static
../Core/Src/app_freertos.c:209:6:Kalman_Init	16	static
../Core/Src/app_freertos.c:223:8:Kalman_Angle	96	static
../Core/Src/app_freertos.c:253:6:timer_callback	104	static
../Core/Src/app_freertos.c:309:6:imu_calib_service_callback	32	static
../Core/Src/app_freertos.c:336:6:imu_status_service_callback	32	static
../Core/Src/app_freertos.c:374:6:MX_FREERTOS_Init	8	static
../Core/Src/app_freertos.c:418:6:StartDefaultTask	472	static
