../Core/Src/app_freertos.c:223:8:lowPassFilter	40	static
../Core/Src/app_freertos.c:226:8:highPassFilter	24	static
../Core/Src/app_freertos.c:230:6:calculate_gyro_angles	80	static
../Core/Src/app_freertos.c:244:6:calculate_accl_angles	104	static
../Core/Src/app_freertos.c:262:6:calculate_comp_angles	144	static
../Core/Src/app_freertos.c:293:6:calculate_kalm_angles	112	static
../Core/Src/app_freertos.c:313:6:Kalman_Init	16	static
../Core/Src/app_freertos.c:327:8:Kalman_Angle	96	static
../Core/Src/app_freertos.c:357:7:map_adc_to_output	24	static
../Core/Src/app_freertos.c:363:6:timer_callback	272	static
../Core/Src/app_freertos.c:598:6:imu_calib_service_callback	32	static
../Core/Src/app_freertos.c:625:6:imu_status_service_callback	32	static
../Core/Src/app_freertos.c:652:6:ADC_Averaged	16	static
../Core/Src/app_freertos.c:667:6:Read_Buttons	8	static
../Core/Src/app_freertos.c:676:6:keyboard_callback	16	static
../Core/Src/app_freertos.c:683:6:HAL_GPIO_EXTI_Callback	16	static
../Core/Src/app_freertos.c:704:6:MX_FREERTOS_Init	8	static
../Core/Src/app_freertos.c:753:6:StartDefaultTask	480	static
