Archive member included to satisfy reference by file (symbol)

/opt/st/stm32cubeide_1.16.0/plugins/com.st.stm32cube.ide.mcu.externaltools.gnu-tools-for-stm32.12.3.rel1.linux64_1.0.200.202406132123/tools/bin/../lib/gcc/arm-none-eabi/12.3.1/../../../../arm-none-eabi/lib/thumb/v7e-m+fp/hard/libc_nano.a(libc_a-exit.o)
                              /opt/st/stm32cubeide_1.16.0/plugins/com.st.stm32cube.ide.mcu.externaltools.gnu-tools-for-stm32.12.3.rel1.linux64_1.0.200.202406132123/tools/bin/../lib/gcc/arm-none-eabi/12.3.1/../../../../arm-none-eabi/lib/thumb/v7e-m+fp/hard/crt0.o (exit)
/opt/st/stm32cubeide_1.16.0/plugins/com.st.stm32cube.ide.mcu.externaltools.gnu-tools-for-stm32.12.3.rel1.linux64_1.0.200.202406132123/tools/bin/../lib/gcc/arm-none-eabi/12.3.1/../../../../arm-none-eabi/lib/thumb/v7e-m+fp/hard/libc_nano.a(libc_a-findfp.o)
                              /opt/st/stm32cubeide_1.16.0/plugins/com.st.stm32cube.ide.mcu.externaltools.gnu-tools-for-stm32.12.3.rel1.linux64_1.0.200.202406132123/tools/bin/../lib/gcc/arm-none-eabi/12.3.1/../../../../arm-none-eabi/lib/thumb/v7e-m+fp/hard/libc_nano.a(libc_a-exit.o) (__stdio_exit_handler)
/opt/st/stm32cubeide_1.16.0/plugins/com.st.stm32cube.ide.mcu.externaltools.gnu-tools-for-stm32.12.3.rel1.linux64_1.0.200.202406132123/tools/bin/../lib/gcc/arm-none-eabi/12.3.1/../../../../arm-none-eabi/lib/thumb/v7e-m+fp/hard/libc_nano.a(libc_a-fwalk.o)
                              /opt/st/stm32cubeide_1.16.0/plugins/com.st.stm32cube.ide.mcu.externaltools.gnu-tools-for-stm32.12.3.rel1.linux64_1.0.200.202406132123/tools/bin/../lib/gcc/arm-none-eabi/12.3.1/../../../../arm-none-eabi/lib/thumb/v7e-m+fp/hard/libc_nano.a(libc_a-findfp.o) (_fwalk_sglue)
/opt/st/stm32cubeide_1.16.0/plugins/com.st.stm32cube.ide.mcu.externaltools.gnu-tools-for-stm32.12.3.rel1.linux64_1.0.200.202406132123/tools/bin/../lib/gcc/arm-none-eabi/12.3.1/../../../../arm-none-eabi/lib/thumb/v7e-m+fp/hard/libc_nano.a(libc_a-stdio.o)
                              /opt/st/stm32cubeide_1.16.0/plugins/com.st.stm32cube.ide.mcu.externaltools.gnu-tools-for-stm32.12.3.rel1.linux64_1.0.200.202406132123/tools/bin/../lib/gcc/arm-none-eabi/12.3.1/../../../../arm-none-eabi/lib/thumb/v7e-m+fp/hard/libc_nano.a(libc_a-findfp.o) (__sread)
/opt/st/stm32cubeide_1.16.0/plugins/com.st.stm32cube.ide.mcu.externaltools.gnu-tools-for-stm32.12.3.rel1.linux64_1.0.200.202406132123/tools/bin/../lib/gcc/arm-none-eabi/12.3.1/../../../../arm-none-eabi/lib/thumb/v7e-m+fp/hard/libc_nano.a(libc_a-memset.o)
                              /opt/st/stm32cubeide_1.16.0/plugins/com.st.stm32cube.ide.mcu.externaltools.gnu-tools-for-stm32.12.3.rel1.linux64_1.0.200.202406132123/tools/bin/../lib/gcc/arm-none-eabi/12.3.1/../../../../arm-none-eabi/lib/thumb/v7e-m+fp/hard/crt0.o (memset)
/opt/st/stm32cubeide_1.16.0/plugins/com.st.stm32cube.ide.mcu.externaltools.gnu-tools-for-stm32.12.3.rel1.linux64_1.0.200.202406132123/tools/bin/../lib/gcc/arm-none-eabi/12.3.1/../../../../arm-none-eabi/lib/thumb/v7e-m+fp/hard/libc_nano.a(libc_a-closer.o)
                              /opt/st/stm32cubeide_1.16.0/plugins/com.st.stm32cube.ide.mcu.externaltools.gnu-tools-for-stm32.12.3.rel1.linux64_1.0.200.202406132123/tools/bin/../lib/gcc/arm-none-eabi/12.3.1/../../../../arm-none-eabi/lib/thumb/v7e-m+fp/hard/libc_nano.a(libc_a-stdio.o) (_close_r)
/opt/st/stm32cubeide_1.16.0/plugins/com.st.stm32cube.ide.mcu.externaltools.gnu-tools-for-stm32.12.3.rel1.linux64_1.0.200.202406132123/tools/bin/../lib/gcc/arm-none-eabi/12.3.1/../../../../arm-none-eabi/lib/thumb/v7e-m+fp/hard/libc_nano.a(libc_a-reent.o)
                              /opt/st/stm32cubeide_1.16.0/plugins/com.st.stm32cube.ide.mcu.externaltools.gnu-tools-for-stm32.12.3.rel1.linux64_1.0.200.202406132123/tools/bin/../lib/gcc/arm-none-eabi/12.3.1/../../../../arm-none-eabi/lib/thumb/v7e-m+fp/hard/libc_nano.a(libc_a-closer.o) (errno)
/opt/st/stm32cubeide_1.16.0/plugins/com.st.stm32cube.ide.mcu.externaltools.gnu-tools-for-stm32.12.3.rel1.linux64_1.0.200.202406132123/tools/bin/../lib/gcc/arm-none-eabi/12.3.1/../../../../arm-none-eabi/lib/thumb/v7e-m+fp/hard/libc_nano.a(libc_a-impure.o)
                              /opt/st/stm32cubeide_1.16.0/plugins/com.st.stm32cube.ide.mcu.externaltools.gnu-tools-for-stm32.12.3.rel1.linux64_1.0.200.202406132123/tools/bin/../lib/gcc/arm-none-eabi/12.3.1/../../../../arm-none-eabi/lib/thumb/v7e-m+fp/hard/libc_nano.a(libc_a-reent.o) (_impure_ptr)
/opt/st/stm32cubeide_1.16.0/plugins/com.st.stm32cube.ide.mcu.externaltools.gnu-tools-for-stm32.12.3.rel1.linux64_1.0.200.202406132123/tools/bin/../lib/gcc/arm-none-eabi/12.3.1/../../../../arm-none-eabi/lib/thumb/v7e-m+fp/hard/libc_nano.a(libc_a-lseekr.o)
                              /opt/st/stm32cubeide_1.16.0/plugins/com.st.stm32cube.ide.mcu.externaltools.gnu-tools-for-stm32.12.3.rel1.linux64_1.0.200.202406132123/tools/bin/../lib/gcc/arm-none-eabi/12.3.1/../../../../arm-none-eabi/lib/thumb/v7e-m+fp/hard/libc_nano.a(libc_a-stdio.o) (_lseek_r)
[...]
Memory Configuration

Name             Origin             Length             Attributes
RAM              0x20000000         0x00020000         xrw
FLASH            0x08000000         0x00080000         xr
*default*        0x00000000         0xffffffff

Linker script and memory map

LOAD /opt/st/stm32cubeide_1.16.0/plugins/com.st.stm32cube.ide.mcu.externaltools.gnu-tools-for-stm32.12.3.rel1.linux64_1.0.200.202406132123/tools/bin/../lib/gcc/arm-none-eabi/12.3.1/thumb/v7e-m+fp/hard/crti.o
LOAD /opt/st/stm32cubeide_1.16.0/plugins/com.st.stm32cube.ide.mcu.externaltools.gnu-tools-for-stm32.12.3.rel1.linux64_1.0.200.202406132123/tools/bin/../lib/gcc/arm-none-eabi/12.3.1/thumb/v7e-m+fp/hard/crtbegin.o
LOAD /opt/st/stm32cubeide_1.16.0/plugins/com.st.stm32cube.ide.mcu.externaltools.gnu-tools-for-stm32.12.3.rel1.linux64_1.0.200.202406132123/tools/bin/../lib/gcc/arm-none-eabi/12.3.1/../../../../arm-none-eabi/lib/thumb/v7e-m+fp/hard/crt0.o
LOAD ./Core/Src/app_freertos.o
LOAD ./Core/Src/dma.o
LOAD ./Core/Src/gpio.o
LOAD ./Core/Src/i2c.o
LOAD ./Core/Src/iwdg.o
LOAD ./Core/Src/main.o
LOAD ./Core/Src/stm32g4xx_hal_msp.o
LOAD ./Core/Src/stm32g4xx_hal_timebase_tim.o
LOAD ./Core/Src/stm32g4xx_it.o
LOAD ./Core/Src/syscalls.o
LOAD ./Core/Src/sysmem.o
LOAD ./Core/Src/system_stm32g4xx.o
LOAD ./Core/Src/usart.o
LOAD ./Core/Startup/startup_stm32g474retx.o
LOAD ./Drivers/STM32G4xx_HAL_Driver/Src/stm32g4xx_hal.o
LOAD ./Drivers/STM32G4xx_HAL_Driver/Src/stm32g4xx_hal_cortex.o
LOAD ./Drivers/STM32G4xx_HAL_Driver/Src/stm32g4xx_hal_dma.o
LOAD ./Drivers/STM32G4xx_HAL_Driver/Src/stm32g4xx_hal_dma_ex.o
LOAD ./Drivers/STM32G4xx_HAL_Driver/Src/stm32g4xx_hal_exti.o
LOAD ./Drivers/STM32G4xx_HAL_Driver/Src/stm32g4xx_hal_flash.o
LOAD ./Drivers/STM32G4xx_HAL_Driver/Src/stm32g4xx_hal_flash_ex.o
LOAD ./Drivers/STM32G4xx_HAL_Driver/Src/stm32g4xx_hal_flash_ramfunc.o
LOAD ./Drivers/STM32G4xx_HAL_Driver/Src/stm32g4xx_hal_gpio.o
LOAD ./Drivers/STM32G4xx_HAL_Driver/Src/stm32g4xx_hal_i2c.o
LOAD ./Drivers/STM32G4xx_HAL_Driver/Src/stm32g4xx_hal_i2c_ex.o
LOAD ./Drivers/STM32G4xx_HAL_Driver/Src/stm32g4xx_hal_iwdg.o
LOAD ./Drivers/STM32G4xx_HAL_Driver/Src/stm32g4xx_hal_pwr.o
LOAD ./Drivers/STM32G4xx_HAL_Driver/Src/stm32g4xx_hal_pwr_ex.o
LOAD ./Drivers/STM32G4xx_HAL_Driver/Src/stm32g4xx_hal_rcc.o
LOAD ./Drivers/STM32G4xx_HAL_Driver/Src/stm32g4xx_hal_rcc_ex.o
LOAD ./Drivers/STM32G4xx_HAL_Driver/Src/stm32g4xx_hal_tim.o
LOAD ./Drivers/STM32G4xx_HAL_Driver/Src/stm32g4xx_hal_tim_ex.o
LOAD ./Drivers/STM32G4xx_HAL_Driver/Src/stm32g4xx_hal_uart.o
LOAD ./Drivers/STM32G4xx_HAL_Driver/Src/stm32g4xx_hal_uart_ex.o
LOAD ./MPU6050/Src/mpu6050.o
LOAD ./Middlewares/Third_Party/FreeRTOS/Source/CMSIS_RTOS_V2/cmsis_os2.o
LOAD ./Middlewares/Third_Party/FreeRTOS/Source/croutine.o
LOAD ./Middlewares/Third_Party/FreeRTOS/Source/event_groups.o
LOAD ./Middlewares/Third_Party/FreeRTOS/Source/list.o
LOAD ./Middlewares/Third_Party/FreeRTOS/Source/queue.o
LOAD ./Middlewares/Third_Party/FreeRTOS/Source/stream_buffer.o
LOAD ./Middlewares/Third_Party/FreeRTOS/Source/tasks.o
LOAD ./Middlewares/Third_Party/FreeRTOS/Source/timers.o
LOAD ./Middlewares/Third_Party/FreeRTOS/Source/portable/GCC/ARM_CM4F/port.o
LOAD ./Middlewares/Third_Party/FreeRTOS/Source/portable/MemMang/heap_4.o
LOAD ../micro_ros_stm32cubemx_utils/microros_static_library_ide/libmicroros/libmicroros.a
START GROUP
LOAD /opt/st/stm32cubeide_1.16.0/plugins/com.st.stm32cube.ide.mcu.externaltools.gnu-tools-for-stm32.12.3.rel1.linux64_1.0.200.202406132123/tools/bin/../lib/gcc/arm-none-eabi/12.3.1/../../../../arm-none-eabi/lib/thumb/v7e-m+fp/hard/libc_nano.a
LOAD /opt/st/stm32cubeide_1.16.0/plugins/com.st.stm32cube.ide.mcu.externaltools.gnu-tools-for-stm32.12.3.rel1.linux64_1.0.200.202406132123/tools/bin/../lib/gcc/arm-none-eabi/12.3.1/../../../../arm-none-eabi/lib/thumb/v7e-m+fp/hard/libm.a
END GROUP
START GROUP
LOAD /opt/st/stm32cubeide_1.16.0/plugins/com.st.stm32cube.ide.mcu.externaltools.gnu-tools-for-stm32.12.3.rel1.linux64_1.0.200.202406132123/tools/bin/../lib/gcc/arm-none-eabi/12.3.1/thumb/v7e-m+fp/hard/libgcc.a
LOAD /opt/st/stm32cubeide_1.16.0/plugins/com.st.stm32cube.ide.mcu.externaltools.gnu-tools-for-stm32.12.3.rel1.linux64_1.0.200.202406132123/tools/bin/../lib/gcc/arm-none-eabi/12.3.1/../../../../arm-none-eabi/lib/thumb/v7e-m+fp/hard/libc_nano.a
END GROUP
START GROUP
LOAD /opt/st/stm32cubeide_1.16.0/plugins/com.st.stm32cube.ide.mcu.externaltools.gnu-tools-for-stm32.12.3.rel1.linux64_1.0.200.202406132123/tools/bin/../lib/gcc/arm-none-eabi/12.3.1/thumb/v7e-m+fp/hard/libgcc.a
LOAD /opt/st/stm32cubeide_1.16.0/plugins/com.st.stm32cube.ide.mcu.externaltools.gnu-tools-for-stm32.12.3.rel1.linux64_1.0.200.202406132123/tools/bin/../lib/gcc/arm-none-eabi/12.3.1/../../../../arm-none-eabi/lib/thumb/v7e-m+fp/hard/libc_nano.a
LOAD /opt/st/stm32cubeide_1.16.0/plugins/com.st.stm32cube.ide.mcu.externaltools.gnu-tools-for-stm32.12.3.rel1.linux64_1.0.200.202406132123/tools/bin/../lib/gcc/arm-none-eabi/12.3.1/../../../../arm-none-eabi/lib/thumb/v7e-m+fp/hard/libnosys.a
END GROUP
START GROUP
LOAD /opt/st/stm32cubeide_1.16.0/plugins/com.st.stm32cube.ide.mcu.externaltools.gnu-tools-for-stm32.12.3.rel1.linux64_1.0.200.202406132123/tools/bin/../lib/gcc/arm-none-eabi/12.3.1/thumb/v7e-m+fp/hard/libgcc.a
LOAD /opt/st/stm32cubeide_1.16.0/plugins/com.st.stm32cube.ide.mcu.externaltools.gnu-tools-for-stm32.12.3.rel1.linux64_1.0.200.202406132123/tools/bin/../lib/gcc/arm-none-eabi/12.3.1/../../../../arm-none-eabi/lib/thumb/v7e-m+fp/hard/libc_nano.a
LOAD /opt/st/stm32cubeide_1.16.0/plugins/com.st.stm32cube.ide.mcu.externaltools.gnu-tools-for-stm32.12.3.rel1.linux64_1.0.200.202406132123/tools/bin/../lib/gcc/arm-none-eabi/12.3.1/../../../../arm-none-eabi/lib/thumb/v7e-m+fp/hard/libnosys.a
END GROUP
LOAD /opt/st/stm32cubeide_1.16.0/plugins/com.st.stm32cube.ide.mcu.externaltools.gnu-tools-for-stm32.12.3.rel1.linux64_1.0.200.202406132123/tools/bin/../lib/gcc/arm-none-eabi/12.3.1/thumb/v7e-m+fp/hard/crtend.o
LOAD /opt/st/stm32cubeide_1.16.0/plugins/com.st.stm32cube.ide.mcu.externaltools.gnu-tools-for-stm32.12.3.rel1.linux64_1.0.200.202406132123/tools/bin/../lib/gcc/arm-none-eabi/12.3.1/thumb/v7e-m+fp/hard/crtn.o
                0x20020000                        _estack = (ORIGIN (RAM) + LENGTH (RAM))
                0x00000200                        _Min_Heap_Size = 0x200
                0x00000400                        _Min_Stack_Size = 0x400

.isr_vector     0x08000000      0x1d8
                0x08000000                        . = ALIGN (0x4)
 *(.isr_vector)
 .isr_vector    0x08000000      0x1d8 ./Core/Startup/startup_stm32g474retx.o
                0x08000000                g_pfnVectors
                0x080001d8                        . = ALIGN (0x4)

.text           0x080001e0     0x70f4
                0x080001e0                        . = ALIGN (0x4)
 *(.text)
 .text          0x080001e0       0x40 /opt/st/stm32cubeide_1.16.0/plugins/com.st.stm32cube.ide.mcu.externaltools.gnu-tools-for-stm32.12.3.rel1.linux64_1.0.200.202406132123/tools/bin/../lib/gcc/arm-none-eabi/12.3.1/thumb/v7e-m+fp/hard/crtbegin.o
 .text          0x08000220       0x30 /opt/st/stm32cubeide_1.16.0/plugins/com.st.stm32cube.ide.mcu.externaltools.gnu-tools-for-stm32.12.3.rel1.linux64_1.0.200.202406132123/tools/bin/../lib/gcc/arm-none-eabi/12.3.1/thumb/v7e-m+fp/hard/libgcc.a(_aeabi_uldivmod.o)
                0x08000220                __aeabi_uldivmod
 .text          0x08000250      0x2bc /opt/st/stm32cubeide_1.16.0/plugins/com.st.stm32cube.ide.mcu.externaltools.gnu-tools-for-stm32.12.3.rel1.linux64_1.0.200.202406132123/tools/bin/../lib/gcc/arm-none-eabi/12.3.1/thumb/v7e-m+fp/hard/libgcc.a(_udivmoddi4.o)
                0x08000250                __udivmoddi4
 .text          0x0800050c        0x4 /opt/st/stm32cubeide_1.16.0/plugins/com.st.stm32cube.ide.mcu.externaltools.gnu-tools-for-stm32.12.3.rel1.linux64_1.0.200.202406132123/tools/bin/../lib/gcc/arm-none-eabi/12.3.1/thumb/v7e-m+fp/hard/libgcc.a(_dvmd_tls.o)
                0x0800050c                __aeabi_ldiv0
                0x0800050c                __aeabi_idiv0
 *(.text*)
 .text.MX_FREERTOS_Init
                0x08000510       0x24 ./Core/Src/app_freertos.o
                0x08000510                MX_FREERTOS_Init
 .text.StartDefaultTask
                0x08000534       0x10 ./Core/Src/app_freertos.o
                0x08000534                StartDefaultTask
 .text.MX_DMA_Init
                0x08000544       0x64 ./Core/Src/dma.o
                0x08000544                MX_DMA_Init
 .text.MX_GPIO_Init
                0x080005a8       0xdc ./Core/Src/gpio.o
                0x080005a8                MX_GPIO_Init
 .text.MX_I2C1_Init
                0x08000684       0x80 ./Core/Src/i2c.o
                0x08000684                MX_I2C1_Init
 .text.HAL_I2C_MspInit
                0x08000704       0xec ./Core/Src/i2c.o
                0x08000704                HAL_I2C_MspInit
 .text.MX_IWDG_Init
                0x080007f0       0x3c ./Core/Src/iwdg.o
                0x080007f0                MX_IWDG_Init
 .text.main     0x0800082c       0x30 ./Core/Src/main.o
                0x0800082c                main
 .text.SystemClock_Config
                0x0800085c       0x96 ./Core/Src/main.o
                0x0800085c                SystemClock_Config
 *fill*         0x080008f2        0x2 
 .text.HAL_TIM_PeriodElapsedCallback
                0x080008f4       0x24 ./Core/Src/main.o
                0x080008f4                HAL_TIM_PeriodElapsedCallback
 .text.Error_Handler
                0x08000918        0xc ./Core/Src/main.o
                0x08000918                Error_Handler
 .text.HAL_MspInit
                0x08000924       0x54 ./Core/Src/stm32g4xx_hal_msp.o
                0x08000924                HAL_MspInit
 .text.HAL_InitTick
                0x08000978       0xd8 ./Core/Src/stm32g4xx_hal_timebase_tim.o
                0x08000978                HAL_InitTick
 .text.NMI_Handler
                0x08000a50        0x8 ./Core/Src/stm32g4xx_it.o
                0x08000a50                NMI_Handler
 .text.HardFault_Handler
                0x08000a58        0x8 ./Core/Src/stm32g4xx_it.o
                0x08000a58                HardFault_Handler
 .text.MemManage_Handler
                0x08000a60        0x8 ./Core/Src/stm32g4xx_it.o
                0x08000a60                MemManage_Handler
 .text.BusFault_Handler
                0x08000a68        0x8 ./Core/Src/stm32g4xx_it.o
                0x08000a68                BusFault_Handler
 .text.UsageFault_Handler
                0x08000a70        0x8 ./Core/Src/stm32g4xx_it.o
                0x08000a70                UsageFault_Handler
 .text.DebugMon_Handler
                0x08000a78        0xe ./Core/Src/stm32g4xx_it.o
                0x08000a78                DebugMon_Handler
 *fill*         0x08000a86        0x2 
 .text.DMA1_Channel1_IRQHandler
                0x08000a88       0x14 ./Core/Src/stm32g4xx_it.o
                0x08000a88                DMA1_Channel1_IRQHandler
 .text.DMA1_Channel2_IRQHandler
                0x08000a9c       0x14 ./Core/Src/stm32g4xx_it.o
                0x08000a9c                DMA1_Channel2_IRQHandler
 .text.TIM1_UP_TIM16_IRQHandler
                0x08000ab0       0x14 ./Core/Src/stm32g4xx_it.o
                0x08000ab0                TIM1_UP_TIM16_IRQHandler
 .text.EXTI15_10_IRQHandler
                0x08000ac4       0x10 ./Core/Src/stm32g4xx_it.o
                0x08000ac4                EXTI15_10_IRQHandler
 .text.LPUART1_IRQHandler
                0x08000ad4       0x14 ./Core/Src/stm32g4xx_it.o
                0x08000ad4                LPUART1_IRQHandler
 .text.SystemInit
                0x08000ae8       0x24 ./Core/Src/system_stm32g4xx.o
                0x08000ae8                SystemInit
 .text.MX_LPUART1_UART_Init
                0x08000b0c       0x94 ./Core/Src/usart.o
                0x08000b0c                MX_LPUART1_UART_Init
 .text.HAL_UART_MspInit
                0x08000ba0      0x17c ./Core/Src/usart.o
                0x08000ba0                HAL_UART_MspInit
 .text.Reset_Handler
                0x08000d1c       0x50 ./Core/Startup/startup_stm32g474retx.o
                0x08000d1c                Reset_Handler
 .text.Default_Handler
                0x08000d6c        0x2 ./Core/Startup/startup_stm32g474retx.o
                0x08000d6c                RTC_Alarm_IRQHandler
                0x08000d6c                EXTI2_IRQHandler
                0x08000d6c                TIM8_TRG_COM_IRQHandler
                0x08000d6c                TIM8_CC_IRQHandler
                0x08000d6c                HRTIM1_Master_IRQHandler
                0x08000d6c                SPI4_IRQHandler
                0x08000d6c                FDCAN3_IT0_IRQHandler
                0x08000d6c                TIM1_CC_IRQHandler
                0x08000d6c                HRTIM1_FLT_IRQHandler
                0x08000d6c                HRTIM1_TIMF_IRQHandler
                0x08000d6c                USB_HP_IRQHandler
                0x08000d6c                CORDIC_IRQHandler
                0x08000d6c                HRTIM1_TIMD_IRQHandler
                0x08000d6c                DMA2_Channel8_IRQHandler
                0x08000d6c                EXTI3_IRQHandler
                0x08000d6c                I2C3_ER_IRQHandler
                0x08000d6c                EXTI0_IRQHandler
                0x08000d6c                I2C2_EV_IRQHandler
                0x08000d6c                FPU_IRQHandler
                0x08000d6c                FDCAN1_IT1_IRQHandler
                0x08000d6c                ADC1_2_IRQHandler
                0x08000d6c                HRTIM1_TIME_IRQHandler
                0x08000d6c                SPI1_IRQHandler
                0x08000d6c                TIM6_DAC_IRQHandler
                0x08000d6c                HRTIM1_TIMC_IRQHandler
                0x08000d6c                TIM8_UP_IRQHandler
                0x08000d6c                DMA2_Channel2_IRQHandler
                0x08000d6c                DMA1_Channel4_IRQHandler
                0x08000d6c                TIM20_TRG_COM_IRQHandler
                0x08000d6c                USART3_IRQHandler
                0x08000d6c                DMA1_Channel7_IRQHandler
                0x08000d6c                UART5_IRQHandler
                0x08000d6c                ADC3_IRQHandler
                0x08000d6c                TIM4_IRQHandler
                0x08000d6c                DMA2_Channel1_IRQHandler
                0x08000d6c                QUADSPI_IRQHandler
                0x08000d6c                I2C1_EV_IRQHandler
                0x08000d6c                DMA1_Channel6_IRQHandler
                0x08000d6c                UART4_IRQHandler
                0x08000d6c                DMA2_Channel4_IRQHandler
                0x08000d6c                TIM3_IRQHandler
                0x08000d6c                RCC_IRQHandler
                0x08000d6c                TIM20_UP_IRQHandler
                0x08000d6c                Default_Handler
                0x08000d6c                DMA2_Channel7_IRQHandler
                0x08000d6c                RTC_TAMP_LSECSS_IRQHandler
                0x08000d6c                FMAC_IRQHandler
                0x08000d6c                DMA1_Channel8_IRQHandler
                0x08000d6c                HRTIM1_TIMA_IRQHandler
                0x08000d6c                TIM7_DAC_IRQHandler
                0x08000d6c                FDCAN3_IT1_IRQHandler
                0x08000d6c                TIM5_IRQHandler
                0x08000d6c                UCPD1_IRQHandler
                0x08000d6c                I2C3_EV_IRQHandler
                0x08000d6c                EXTI9_5_IRQHandler
                0x08000d6c                RTC_WKUP_IRQHandler
                0x08000d6c                PVD_PVM_IRQHandler
                0x08000d6c                SPI2_IRQHandler
                0x08000d6c                ADC5_IRQHandler
                0x08000d6c                DMA2_Channel5_IRQHandler
                0x08000d6c                CRS_IRQHandler
                0x08000d6c                DMA1_Channel5_IRQHandler
                0x08000d6c                USB_LP_IRQHandler
                0x08000d6c                EXTI4_IRQHandler
                0x08000d6c                RNG_IRQHandler
                0x08000d6c                HRTIM1_TIMB_IRQHandler
                0x08000d6c                TIM1_TRG_COM_TIM17_IRQHandler
                0x08000d6c                FDCAN2_IT1_IRQHandler
                0x08000d6c                DMA1_Channel3_IRQHandler
                0x08000d6c                ADC4_IRQHandler
                0x08000d6c                WWDG_IRQHandler
                0x08000d6c                I2C4_EV_IRQHandler
                0x08000d6c                FDCAN2_IT0_IRQHandler
                0x08000d6c                DMA2_Channel6_IRQHandler
                0x08000d6c                FDCAN1_IT0_IRQHandler
                0x08000d6c                TIM2_IRQHandler
                0x08000d6c                COMP7_IRQHandler
                0x08000d6c                COMP1_2_3_IRQHandler
                0x08000d6c                EXTI1_IRQHandler
                0x08000d6c                USART2_IRQHandler
                0x08000d6c                COMP4_5_6_IRQHandler
                0x08000d6c                TIM20_BRK_IRQHandler
                0x08000d6c                I2C2_ER_IRQHandler
                0x08000d6c                TIM8_BRK_IRQHandler
                0x08000d6c                FLASH_IRQHandler
                0x08000d6c                TIM20_CC_IRQHandler
                0x08000d6c                USART1_IRQHandler
                0x08000d6c                SPI3_IRQHandler
                0x08000d6c                I2C1_ER_IRQHandler
                0x08000d6c                FMC_IRQHandler
                0x08000d6c                LPTIM1_IRQHandler
                0x08000d6c                DMAMUX_OVR_IRQHandler
                0x08000d6c                I2C4_ER_IRQHandler
                0x08000d6c                USBWakeUp_IRQHandler
                0x08000d6c                SAI1_IRQHandler
                0x08000d6c                DMA2_Channel3_IRQHandler
                0x08000d6c                TIM1_BRK_TIM15_IRQHandler
 .text.HAL_Init
                0x08000d6e       0x30 ./Drivers/STM32G4xx_HAL_Driver/Src/stm32g4xx_hal.o
                0x08000d6e                HAL_Init
 *fill*         0x08000d9e        0x2 
 .text.HAL_IncTick
                0x08000da0       0x24 ./Drivers/STM32G4xx_HAL_Driver/Src/stm32g4xx_hal.o
                0x08000da0                HAL_IncTick
 .text.HAL_GetTick
                0x08000dc4       0x18 ./Drivers/STM32G4xx_HAL_Driver/Src/stm32g4xx_hal.o
                0x08000dc4                HAL_GetTick
 .text.__NVIC_SetPriorityGrouping
                0x08000ddc       0x48 ./Drivers/STM32G4xx_HAL_Driver/Src/stm32g4xx_hal_cortex.o
 .text.__NVIC_GetPriorityGrouping
                0x08000e24       0x1c ./Drivers/STM32G4xx_HAL_Driver/Src/stm32g4xx_hal_cortex.o
 .text.__NVIC_EnableIRQ
                0x08000e40       0x3c ./Drivers/STM32G4xx_HAL_Driver/Src/stm32g4xx_hal_cortex.o
 .text.__NVIC_SetPriority
                0x08000e7c       0x54 ./Drivers/STM32G4xx_HAL_Driver/Src/stm32g4xx_hal_cortex.o
 .text.NVIC_EncodePriority
                0x08000ed0       0x66 ./Drivers/STM32G4xx_HAL_Driver/Src/stm32g4xx_hal_cortex.o
 .text.HAL_NVIC_SetPriorityGrouping
                0x08000f36       0x16 ./Drivers/STM32G4xx_HAL_Driver/Src/stm32g4xx_hal_cortex.o
                0x08000f36                HAL_NVIC_SetPriorityGrouping
 .text.HAL_NVIC_SetPriority
                0x08000f4c       0x34 ./Drivers/STM32G4xx_HAL_Driver/Src/stm32g4xx_hal_cortex.o
                0x08000f4c                HAL_NVIC_SetPriority
 .text.HAL_NVIC_EnableIRQ
                0x08000f80       0x1c ./Drivers/STM32G4xx_HAL_Driver/Src/stm32g4xx_hal_cortex.o
                0x08000f80                HAL_NVIC_EnableIRQ
 .text.HAL_DMA_Init
                0x08000f9c      0x150 ./Drivers/STM32G4xx_HAL_Driver/Src/stm32g4xx_hal_dma.o
                0x08000f9c                HAL_DMA_Init
 .text.HAL_DMA_Abort
                0x080010ec       0xb2 ./Drivers/STM32G4xx_HAL_Driver/Src/stm32g4xx_hal_dma.o
                0x080010ec                HAL_DMA_Abort
 .text.HAL_DMA_Abort_IT
                0x0800119e       0xce ./Drivers/STM32G4xx_HAL_Driver/Src/stm32g4xx_hal_dma.o
                0x0800119e                HAL_DMA_Abort_IT
 .text.HAL_DMA_IRQHandler
                0x0800126c      0x15e ./Drivers/STM32G4xx_HAL_Driver/Src/stm32g4xx_hal_dma.o
                0x0800126c                HAL_DMA_IRQHandler
 *fill*         0x080013ca        0x2 
 .text.DMA_CalcDMAMUXChannelBaseAndMask
                0x080013cc       0x7c ./Drivers/STM32G4xx_HAL_Driver/Src/stm32g4xx_hal_dma.o
 .text.DMA_CalcDMAMUXRequestGenBaseAndMask
                0x08001448       0x48 ./Drivers/STM32G4xx_HAL_Driver/Src/stm32g4xx_hal_dma.o
 .text.HAL_GPIO_Init
                0x08001490      0x304 ./Drivers/STM32G4xx_HAL_Driver/Src/stm32g4xx_hal_gpio.o
                0x08001490                HAL_GPIO_Init
 .text.HAL_GPIO_WritePin
                0x08001794       0x30 ./Drivers/STM32G4xx_HAL_Driver/Src/stm32g4xx_hal_gpio.o
                0x08001794                HAL_GPIO_WritePin
 .text.HAL_GPIO_EXTI_IRQHandler
                0x080017c4       0x30 ./Drivers/STM32G4xx_HAL_Driver/Src/stm32g4xx_hal_gpio.o
                0x080017c4                HAL_GPIO_EXTI_IRQHandler
 .text.HAL_GPIO_EXTI_Callback
                0x080017f4       0x16 ./Drivers/STM32G4xx_HAL_Driver/Src/stm32g4xx_hal_gpio.o
                0x080017f4                HAL_GPIO_EXTI_Callback
 .text.HAL_I2C_Init
                0x0800180a      0x136 ./Drivers/STM32G4xx_HAL_Driver/Src/stm32g4xx_hal_i2c.o
                0x0800180a                HAL_I2C_Init
 .text.HAL_I2CEx_ConfigAnalogFilter
                0x08001940       0x96 ./Drivers/STM32G4xx_HAL_Driver/Src/stm32g4xx_hal_i2c_ex.o
                0x08001940                HAL_I2CEx_ConfigAnalogFilter
 .text.HAL_I2CEx_ConfigDigitalFilter
                0x080019d6       0x98 ./Drivers/STM32G4xx_HAL_Driver/Src/stm32g4xx_hal_i2c_ex.o
                0x080019d6                HAL_I2CEx_ConfigDigitalFilter
 .text.HAL_IWDG_Init
                0x08001a6e       0x9e ./Drivers/STM32G4xx_HAL_Driver/Src/stm32g4xx_hal_iwdg.o
                0x08001a6e                HAL_IWDG_Init
 .text.HAL_PWREx_ControlVoltageScaling
                0x08001b0c      0x148 ./Drivers/STM32G4xx_HAL_Driver/Src/stm32g4xx_hal_pwr_ex.o
                0x08001b0c                HAL_PWREx_ControlVoltageScaling
 .text.HAL_PWREx_DisableUCPDDeadBattery
                0x08001c54       0x20 ./Drivers/STM32G4xx_HAL_Driver/Src/stm32g4xx_hal_pwr_ex.o
                0x08001c54                HAL_PWREx_DisableUCPDDeadBattery
 .text.HAL_RCC_OscConfig
                0x08001c74      0x624 ./Drivers/STM32G4xx_HAL_Driver/Src/stm32g4xx_hal_rcc.o
                0x08001c74                HAL_RCC_OscConfig
 .text.HAL_RCC_ClockConfig
                0x08002298      0x278 ./Drivers/STM32G4xx_HAL_Driver/Src/stm32g4xx_hal_rcc.o
                0x08002298                HAL_RCC_ClockConfig
 .text.HAL_RCC_GetSysClockFreq
                0x08002510       0xc4 ./Drivers/STM32G4xx_HAL_Driver/Src/stm32g4xx_hal_rcc.o
                0x08002510                HAL_RCC_GetSysClockFreq
 .text.HAL_RCC_GetHCLKFreq
                0x080025d4       0x18 ./Drivers/STM32G4xx_HAL_Driver/Src/stm32g4xx_hal_rcc.o
                0x080025d4                HAL_RCC_GetHCLKFreq
 .text.HAL_RCC_GetPCLK1Freq
                0x080025ec       0x2c ./Drivers/STM32G4xx_HAL_Driver/Src/stm32g4xx_hal_rcc.o
                0x080025ec                HAL_RCC_GetPCLK1Freq
 .text.HAL_RCC_GetPCLK2Freq
                0x08002618       0x2c ./Drivers/STM32G4xx_HAL_Driver/Src/stm32g4xx_hal_rcc.o
                0x08002618                HAL_RCC_GetPCLK2Freq
 .text.HAL_RCC_GetClockConfig
                0x08002644       0x64 ./Drivers/STM32G4xx_HAL_Driver/Src/stm32g4xx_hal_rcc.o
                0x08002644                HAL_RCC_GetClockConfig
 .text.RCC_GetSysClockFreqFromPLLSource
                0x080026a8       0x8c ./Drivers/STM32G4xx_HAL_Driver/Src/stm32g4xx_hal_rcc.o
 .text.HAL_RCCEx_PeriphCLKConfig
                0x08002734      0x49c ./Drivers/STM32G4xx_HAL_Driver/Src/stm32g4xx_hal_rcc_ex.o
                0x08002734                HAL_RCCEx_PeriphCLKConfig
 .text.HAL_TIM_Base_Init
                0x08002bd0       0xae ./Drivers/STM32G4xx_HAL_Driver/Src/stm32g4xx_hal_tim.o
                0x08002bd0                HAL_TIM_Base_Init
 .text.HAL_TIM_Base_MspInit
                0x08002c7e       0x14 ./Drivers/STM32G4xx_HAL_Driver/Src/stm32g4xx_hal_tim.o
                0x08002c7e                HAL_TIM_Base_MspInit
 *fill*         0x08002c92        0x2 
 .text.HAL_TIM_Base_Start_IT
                0x08002c94       0xf0 ./Drivers/STM32G4xx_HAL_Driver/Src/stm32g4xx_hal_tim.o
                0x08002c94                HAL_TIM_Base_Start_IT
 .text.HAL_TIM_IRQHandler
                0x08002d84      0x29e ./Drivers/STM32G4xx_HAL_Driver/Src/stm32g4xx_hal_tim.o
                0x08002d84                HAL_TIM_IRQHandler
 .text.HAL_TIM_OC_DelayElapsedCallback
                0x08003022       0x14 ./Drivers/STM32G4xx_HAL_Driver/Src/stm32g4xx_hal_tim.o
                0x08003022                HAL_TIM_OC_DelayElapsedCallback
 .text.HAL_TIM_IC_CaptureCallback
                0x08003036       0x14 ./Drivers/STM32G4xx_HAL_Driver/Src/stm32g4xx_hal_tim.o
                0x08003036                HAL_TIM_IC_CaptureCallback
 .text.HAL_TIM_PWM_PulseFinishedCallback
                0x0800304a       0x14 ./Drivers/STM32G4xx_HAL_Driver/Src/stm32g4xx_hal_tim.o
                0x0800304a                HAL_TIM_PWM_PulseFinishedCallback
 .text.HAL_TIM_TriggerCallback
                0x0800305e       0x14 ./Drivers/STM32G4xx_HAL_Driver/Src/stm32g4xx_hal_tim.o
                0x0800305e                HAL_TIM_TriggerCallback
 *fill*         0x08003072        0x2 
 .text.TIM_Base_SetConfig
                0x08003074      0x168 ./Drivers/STM32G4xx_HAL_Driver/Src/stm32g4xx_hal_tim.o
                0x08003074                TIM_Base_SetConfig
 .text.HAL_TIMEx_CommutCallback
                0x080031dc       0x14 ./Drivers/STM32G4xx_HAL_Driver/Src/stm32g4xx_hal_tim_ex.o
                0x080031dc                HAL_TIMEx_CommutCallback
 .text.HAL_TIMEx_BreakCallback
                0x080031f0       0x14 ./Drivers/STM32G4xx_HAL_Driver/Src/stm32g4xx_hal_tim_ex.o
                0x080031f0                HAL_TIMEx_BreakCallback
 .text.HAL_TIMEx_Break2Callback
                0x08003204       0x14 ./Drivers/STM32G4xx_HAL_Driver/Src/stm32g4xx_hal_tim_ex.o
                0x08003204                HAL_TIMEx_Break2Callback
 .text.HAL_TIMEx_EncoderIndexCallback
                0x08003218       0x14 ./Drivers/STM32G4xx_HAL_Driver/Src/stm32g4xx_hal_tim_ex.o
                0x08003218                HAL_TIMEx_EncoderIndexCallback
 .text.HAL_TIMEx_DirectionChangeCallback
                0x0800322c       0x14 ./Drivers/STM32G4xx_HAL_Driver/Src/stm32g4xx_hal_tim_ex.o
                0x0800322c                HAL_TIMEx_DirectionChangeCallback
 .text.HAL_TIMEx_IndexErrorCallback
                0x08003240       0x14 ./Drivers/STM32G4xx_HAL_Driver/Src/stm32g4xx_hal_tim_ex.o
                0x08003240                HAL_TIMEx_IndexErrorCallback
 .text.HAL_TIMEx_TransitionErrorCallback
                0x08003254       0x14 ./Drivers/STM32G4xx_HAL_Driver/Src/stm32g4xx_hal_tim_ex.o
                0x08003254                HAL_TIMEx_TransitionErrorCallback
 .text.HAL_UART_Init
                0x08003268       0xa0 ./Drivers/STM32G4xx_HAL_Driver/Src/stm32g4xx_hal_uart.o
                0x08003268                HAL_UART_Init
 .text.HAL_UART_IRQHandler
                0x08003308      0x684 ./Drivers/STM32G4xx_HAL_Driver/Src/stm32g4xx_hal_uart.o
                0x08003308                HAL_UART_IRQHandler
 .text.HAL_UART_TxCpltCallback
                0x0800398c       0x14 ./Drivers/STM32G4xx_HAL_Driver/Src/stm32g4xx_hal_uart.o
                0x0800398c                HAL_UART_TxCpltCallback
 .text.HAL_UART_ErrorCallback
                0x080039a0       0x14 ./Drivers/STM32G4xx_HAL_Driver/Src/stm32g4xx_hal_uart.o
                0x080039a0                HAL_UART_ErrorCallback
 .text.HAL_UARTEx_RxEventCallback
                0x080039b4       0x18 ./Drivers/STM32G4xx_HAL_Driver/Src/stm32g4xx_hal_uart.o
                0x080039b4                HAL_UARTEx_RxEventCallback
 .text.UART_SetConfig
                0x080039cc      0x5f8 ./Drivers/STM32G4xx_HAL_Driver/Src/stm32g4xx_hal_uart.o
                0x080039cc                UART_SetConfig
 .text.UART_AdvFeatureConfig
                0x08003fc4      0x144 ./Drivers/STM32G4xx_HAL_Driver/Src/stm32g4xx_hal_uart.o
                0x08003fc4                UART_AdvFeatureConfig
 .text.UART_CheckIdleState
                0x08004108      0x154 ./Drivers/STM32G4xx_HAL_Driver/Src/stm32g4xx_hal_uart.o
                0x08004108                UART_CheckIdleState
 .text.UART_WaitOnFlagUntilTimeout
                0x0800425c       0xda ./Drivers/STM32G4xx_HAL_Driver/Src/stm32g4xx_hal_uart.o
                0x0800425c                UART_WaitOnFlagUntilTimeout
 .text.UART_EndRxTransfer
                0x08004336       0xcc ./Drivers/STM32G4xx_HAL_Driver/Src/stm32g4xx_hal_uart.o
 .text.UART_DMAAbortOnError
                0x08004402       0x24 ./Drivers/STM32G4xx_HAL_Driver/Src/stm32g4xx_hal_uart.o
 .text.UART_EndTransmit_IT
                0x08004426       0x56 ./Drivers/STM32G4xx_HAL_Driver/Src/stm32g4xx_hal_uart.o
 .text.HAL_UARTEx_WakeupCallback
                0x0800447c       0x14 ./Drivers/STM32G4xx_HAL_Driver/Src/stm32g4xx_hal_uart_ex.o
                0x0800447c                HAL_UARTEx_WakeupCallback
 .text.HAL_UARTEx_RxFifoFullCallback
                0x08004490       0x14 ./Drivers/STM32G4xx_HAL_Driver/Src/stm32g4xx_hal_uart_ex.o
                0x08004490                HAL_UARTEx_RxFifoFullCallback
 .text.HAL_UARTEx_TxFifoEmptyCallback
                0x080044a4       0x14 ./Drivers/STM32G4xx_HAL_Driver/Src/stm32g4xx_hal_uart_ex.o
                0x080044a4                HAL_UARTEx_TxFifoEmptyCallback
 .text.HAL_UARTEx_DisableFifoMode
                0x080044b8       0x72 ./Drivers/STM32G4xx_HAL_Driver/Src/stm32g4xx_hal_uart_ex.o
                0x080044b8                HAL_UARTEx_DisableFifoMode
 .text.HAL_UARTEx_SetTxFifoThreshold
                0x0800452a       0x7c ./Drivers/STM32G4xx_HAL_Driver/Src/stm32g4xx_hal_uart_ex.o
                0x0800452a                HAL_UARTEx_SetTxFifoThreshold
 .text.HAL_UARTEx_SetRxFifoThreshold
                0x080045a6       0x7c ./Drivers/STM32G4xx_HAL_Driver/Src/stm32g4xx_hal_uart_ex.o
                0x080045a6                HAL_UARTEx_SetRxFifoThreshold
 *fill*         0x08004622        0x2 
 .text.UARTEx_SetNbDataToProcess
                0x08004624       0x9c ./Drivers/STM32G4xx_HAL_Driver/Src/stm32g4xx_hal_uart_ex.o
 .text.__NVIC_SetPriority
                0x080046c0       0x54 ./Middlewares/Third_Party/FreeRTOS/Source/CMSIS_RTOS_V2/cmsis_os2.o
 .text.SysTick_Handler
                0x08004714       0x20 ./Middlewares/Third_Party/FreeRTOS/Source/CMSIS_RTOS_V2/cmsis_os2.o
                0x08004714                SysTick_Handler
 .text.SVC_Setup
                0x08004734       0x12 ./Middlewares/Third_Party/FreeRTOS/Source/CMSIS_RTOS_V2/cmsis_os2.o
 *fill*         0x08004746        0x2 
 .text.osKernelInitialize
                0x08004748       0x48 ./Middlewares/Third_Party/FreeRTOS/Source/CMSIS_RTOS_V2/cmsis_os2.o
                0x08004748                osKernelInitialize
 .text.osKernelStart
                0x08004790       0x4c ./Middlewares/Third_Party/FreeRTOS/Source/CMSIS_RTOS_V2/cmsis_os2.o
                0x08004790                osKernelStart
 .text.osThreadNew
                0x080047dc      0x124 ./Middlewares/Third_Party/FreeRTOS/Source/CMSIS_RTOS_V2/cmsis_os2.o
                0x080047dc                osThreadNew
 .text.osDelay  0x08004900       0x36 ./Middlewares/Third_Party/FreeRTOS/Source/CMSIS_RTOS_V2/cmsis_os2.o
                0x08004900                osDelay
 *fill*         0x08004936        0x2 
 .text.vApplicationGetIdleTaskMemory
                0x08004938       0x34 ./Middlewares/Third_Party/FreeRTOS/Source/CMSIS_RTOS_V2/cmsis_os2.o
                0x08004938                vApplicationGetIdleTaskMemory
 .text.vApplicationGetTimerTaskMemory
                0x0800496c       0x34 ./Middlewares/Third_Party/FreeRTOS/Source/CMSIS_RTOS_V2/cmsis_os2.o
                0x0800496c                vApplicationGetTimerTaskMemory
 .text.vListInitialise
                0x080049a0       0x40 ./Middlewares/Third_Party/FreeRTOS/Source/list.o
                0x080049a0                vListInitialise
 .text.vListInitialiseItem
                0x080049e0       0x1a ./Middlewares/Third_Party/FreeRTOS/Source/list.o
                0x080049e0                vListInitialiseItem
 .text.vListInsertEnd
                0x080049fa       0x48 ./Middlewares/Third_Party/FreeRTOS/Source/list.o
                0x080049fa                vListInsertEnd
 .text.vListInsert
                0x08004a42       0x72 ./Middlewares/Third_Party/FreeRTOS/Source/list.o
                0x08004a42                vListInsert
 .text.uxListRemove
                0x08004ab4       0x54 ./Middlewares/Third_Party/FreeRTOS/Source/list.o
                0x08004ab4                uxListRemove
 .text.xQueueGenericReset
                0x08004b08       0xd4 ./Middlewares/Third_Party/FreeRTOS/Source/queue.o
                0x08004b08                xQueueGenericReset
 .text.xQueueGenericCreateStatic
                0x08004bdc       0xfa ./Middlewares/Third_Party/FreeRTOS/Source/queue.o
                0x08004bdc                xQueueGenericCreateStatic
 .text.prvInitialiseNewQueue
                0x08004cd6       0x46 ./Middlewares/Third_Party/FreeRTOS/Source/queue.o
 .text.xQueueGenericSend
                0x08004d1c      0x204 ./Middlewares/Third_Party/FreeRTOS/Source/queue.o
                0x08004d1c                xQueueGenericSend
 .text.xQueueGenericSendFromISR
                0x08004f20      0x13c ./Middlewares/Third_Party/FreeRTOS/Source/queue.o
                0x08004f20                xQueueGenericSendFromISR
 .text.xQueueReceive
                0x0800505c      0x1c4 ./Middlewares/Third_Party/FreeRTOS/Source/queue.o
                0x0800505c                xQueueReceive
 .text.prvCopyDataToQueue
                0x08005220       0xd4 ./Middlewares/Third_Party/FreeRTOS/Source/queue.o
 .text.prvCopyDataFromQueue
                0x080052f4       0x4c ./Middlewares/Third_Party/FreeRTOS/Source/queue.o
 .text.prvUnlockQueue
                0x08005340       0xa4 ./Middlewares/Third_Party/FreeRTOS/Source/queue.o
 .text.prvIsQueueEmpty
                0x080053e4       0x2c ./Middlewares/Third_Party/FreeRTOS/Source/queue.o
 .text.prvIsQueueFull
                0x08005410       0x30 ./Middlewares/Third_Party/FreeRTOS/Source/queue.o
 .text.vQueueAddToRegistry
                0x08005440       0x54 ./Middlewares/Third_Party/FreeRTOS/Source/queue.o
                0x08005440                vQueueAddToRegistry
 .text.vQueueWaitForMessageRestricted
                0x08005494       0x68 ./Middlewares/Third_Party/FreeRTOS/Source/queue.o
                0x08005494                vQueueWaitForMessageRestricted
 .text.xTaskCreateStatic
                0x080054fc       0xc0 ./Middlewares/Third_Party/FreeRTOS/Source/tasks.o
                0x080054fc                xTaskCreateStatic
 .text.xTaskCreate
                0x080055bc       0x8a ./Middlewares/Third_Party/FreeRTOS/Source/tasks.o
                0x080055bc                xTaskCreate
 .text.prvInitialiseNewTask
                0x08005646      0x120 ./Middlewares/Third_Party/FreeRTOS/Source/tasks.o
 *fill*         0x08005766        0x2 
 .text.prvAddNewTaskToReadyList
                0x08005768       0xe0 ./Middlewares/Third_Party/FreeRTOS/Source/tasks.o
 .text.vTaskDelay
                0x08005848       0x6c ./Middlewares/Third_Party/FreeRTOS/Source/tasks.o
                0x08005848                vTaskDelay
 .text.vTaskStartScheduler
                0x080058b4       0xd0 ./Middlewares/Third_Party/FreeRTOS/Source/tasks.o
                0x080058b4                vTaskStartScheduler
 .text.vTaskSuspendAll
                0x08005984       0x1c ./Middlewares/Third_Party/FreeRTOS/Source/tasks.o
                0x08005984                vTaskSuspendAll
 .text.xTaskResumeAll
                0x080059a0      0x13c ./Middlewares/Third_Party/FreeRTOS/Source/tasks.o
                0x080059a0                xTaskResumeAll
 .text.xTaskGetTickCount
                0x08005adc       0x20 ./Middlewares/Third_Party/FreeRTOS/Source/tasks.o
                0x08005adc                xTaskGetTickCount
 .text.xTaskIncrementTick
                0x08005afc      0x174 ./Middlewares/Third_Party/FreeRTOS/Source/tasks.o
                0x08005afc                xTaskIncrementTick
 .text.vTaskSwitchContext
                0x08005c70       0xbc ./Middlewares/Third_Party/FreeRTOS/Source/tasks.o
                0x08005c70                vTaskSwitchContext
 .text.vTaskPlaceOnEventList
                0x08005d2c       0x4c ./Middlewares/Third_Party/FreeRTOS/Source/tasks.o
                0x08005d2c                vTaskPlaceOnEventList
 .text.vTaskPlaceOnEventListRestricted
                0x08005d78       0x58 ./Middlewares/Third_Party/FreeRTOS/Source/tasks.o
                0x08005d78                vTaskPlaceOnEventListRestricted
 .text.xTaskRemoveFromEventList
                0x08005dd0       0xc8 ./Middlewares/Third_Party/FreeRTOS/Source/tasks.o
                0x08005dd0                xTaskRemoveFromEventList
 .text.vTaskInternalSetTimeOutState
                0x08005e98       0x2c ./Middlewares/Third_Party/FreeRTOS/Source/tasks.o
                0x08005e98                vTaskInternalSetTimeOutState
 .text.xTaskCheckForTimeOut
                0x08005ec4       0xc8 ./Middlewares/Third_Party/FreeRTOS/Source/tasks.o
                0x08005ec4                xTaskCheckForTimeOut
 .text.vTaskMissedYield
                0x08005f8c       0x18 ./Middlewares/Third_Party/FreeRTOS/Source/tasks.o
                0x08005f8c                vTaskMissedYield
 .text.prvIdleTask
                0x08005fa4       0x30 ./Middlewares/Third_Party/FreeRTOS/Source/tasks.o
 .text.prvInitialiseTaskLists
                0x08005fd4       0x80 ./Middlewares/Third_Party/FreeRTOS/Source/tasks.o
 .text.prvCheckTasksWaitingTermination
                0x08006054       0x5c ./Middlewares/Third_Party/FreeRTOS/Source/tasks.o
 .text.prvDeleteTCB
                0x080060b0       0x60 ./Middlewares/Third_Party/FreeRTOS/Source/tasks.o
 .text.prvResetNextTaskUnblockTime
                0x08006110       0x40 ./Middlewares/Third_Party/FreeRTOS/Source/tasks.o
 .text.xTaskGetSchedulerState
                0x08006150       0x3c ./Middlewares/Third_Party/FreeRTOS/Source/tasks.o
                0x08006150                xTaskGetSchedulerState
 .text.xTaskPriorityDisinherit
                0x0800618c       0xe0 ./Middlewares/Third_Party/FreeRTOS/Source/tasks.o
                0x0800618c                xTaskPriorityDisinherit
 .text.prvAddCurrentTaskToDelayedList
                0x0800626c       0xa8 ./Middlewares/Third_Party/FreeRTOS/Source/tasks.o
 .text.xTimerCreateTimerTask
                0x08006314       0x94 ./Middlewares/Third_Party/FreeRTOS/Source/timers.o
                0x08006314                xTimerCreateTimerTask
 .text.xTimerGenericCommand
                0x080063a8       0x9c ./Middlewares/Third_Party/FreeRTOS/Source/timers.o
                0x080063a8                xTimerGenericCommand
 .text.prvProcessExpiredTimer
                0x08006444       0x9c ./Middlewares/Third_Party/FreeRTOS/Source/timers.o
 .text.prvTimerTask
                0x080064e0       0x26 ./Middlewares/Third_Party/FreeRTOS/Source/timers.o
 *fill*         0x08006506        0x2 
 .text.prvProcessTimerOrBlockTask
                0x08006508       0x9c ./Middlewares/Third_Party/FreeRTOS/Source/timers.o
 .text.prvGetNextExpireTime
                0x080065a4       0x48 ./Middlewares/Third_Party/FreeRTOS/Source/timers.o
 .text.prvSampleTimeNow
                0x080065ec       0x40 ./Middlewares/Third_Party/FreeRTOS/Source/timers.o
 .text.prvInsertTimerInActiveList
                0x0800662c       0x84 ./Middlewares/Third_Party/FreeRTOS/Source/timers.o
 .text.prvProcessReceivedCommands
                0x080066b0      0x1cc ./Middlewares/Third_Party/FreeRTOS/Source/timers.o
 .text.prvSwitchTimerLists
                0x0800687c       0xcc ./Middlewares/Third_Party/FreeRTOS/Source/timers.o
 .text.prvCheckForValidListAndQueue
                0x08006948       0x80 ./Middlewares/Third_Party/FreeRTOS/Source/timers.o
 .text.pxPortInitialiseStack
                0x080069c8       0x68 ./Middlewares/Third_Party/FreeRTOS/Source/portable/GCC/ARM_CM4F/port.o
                0x080069c8                pxPortInitialiseStack
 .text.prvTaskExitError
                0x08006a30       0x5c ./Middlewares/Third_Party/FreeRTOS/Source/portable/GCC/ARM_CM4F/port.o
 *fill*         0x08006a8c        0x4 
 .text.SVC_Handler
                0x08006a90       0x28 ./Middlewares/Third_Party/FreeRTOS/Source/portable/GCC/ARM_CM4F/port.o
                0x08006a90                SVC_Handler
 .text.prvPortStartFirstTask
                0x08006ab8       0x28 ./Middlewares/Third_Party/FreeRTOS/Source/portable/GCC/ARM_CM4F/port.o
 .text.xPortStartScheduler
                0x08006ae0      0x148 ./Middlewares/Third_Party/FreeRTOS/Source/portable/GCC/ARM_CM4F/port.o
                0x08006ae0                xPortStartScheduler
 .text.vPortEnterCritical
                0x08006c28       0x64 ./Middlewares/Third_Party/FreeRTOS/Source/portable/GCC/ARM_CM4F/port.o
                0x08006c28                vPortEnterCritical
 .text.vPortExitCritical
                0x08006c8c       0x54 ./Middlewares/Third_Party/FreeRTOS/Source/portable/GCC/ARM_CM4F/port.o
                0x08006c8c                vPortExitCritical
 .text.PendSV_Handler
                0x08006ce0       0x68 ./Middlewares/Third_Party/FreeRTOS/Source/portable/GCC/ARM_CM4F/port.o
                0x08006ce0                PendSV_Handler
 .text.xPortSysTickHandler
                0x08006d48       0x44 ./Middlewares/Third_Party/FreeRTOS/Source/portable/GCC/ARM_CM4F/port.o
                0x08006d48                xPortSysTickHandler
 .text.vPortSetupTimerInterrupt
                0x08006d8c       0x48 ./Middlewares/Third_Party/FreeRTOS/Source/portable/GCC/ARM_CM4F/port.o
                0x08006d8c                vPortSetupTimerInterrupt
 .text.vPortEnableVFP
                0x08006dd4       0x14 ./Middlewares/Third_Party/FreeRTOS/Source/portable/GCC/ARM_CM4F/port.o
 .text.vPortValidateInterruptPriority
                0x08006de8       0x84 ./Middlewares/Third_Party/FreeRTOS/Source/portable/GCC/ARM_CM4F/port.o
                0x08006de8                vPortValidateInterruptPriority
 .text.pvPortMalloc
                0x08006e6c      0x19c ./Middlewares/Third_Party/FreeRTOS/Source/portable/MemMang/heap_4.o
                0x08006e6c                pvPortMalloc
 .text.vPortFree
                0x08007008       0xc8 ./Middlewares/Third_Party/FreeRTOS/Source/portable/MemMang/heap_4.o
                0x08007008                vPortFree
 .text.prvHeapInit
                0x080070d0       0xc4 ./Middlewares/Third_Party/FreeRTOS/Source/portable/MemMang/heap_4.o
 .text.prvInsertBlockIntoFreeList
                0x08007194       0xb4 ./Middlewares/Third_Party/FreeRTOS/Source/portable/MemMang/heap_4.o
 .text.memset   0x08007248       0x10 /opt/st/stm32cubeide_1.16.0/plugins/com.st.stm32cube.ide.mcu.externaltools.gnu-tools-for-stm32.12.3.rel1.linux64_1.0.200.202406132123/tools/bin/../lib/gcc/arm-none-eabi/12.3.1/../../../../arm-none-eabi/lib/thumb/v7e-m+fp/hard/libc_nano.a(libc_a-memset.o)
                0x08007248                memset
 .text.__libc_init_array
                0x08007258       0x48 /opt/st/stm32cubeide_1.16.0/plugins/com.st.stm32cube.ide.mcu.externaltools.gnu-tools-for-stm32.12.3.rel1.linux64_1.0.200.202406132123/tools/bin/../lib/gcc/arm-none-eabi/12.3.1/../../../../arm-none-eabi/lib/thumb/v7e-m+fp/hard/libc_nano.a(libc_a-init.o)
                0x08007258                __libc_init_array
 .text.memcpy   0x080072a0       0x1c /opt/st/stm32cubeide_1.16.0/plugins/com.st.stm32cube.ide.mcu.externaltools.gnu-tools-for-stm32.12.3.rel1.linux64_1.0.200.202406132123/tools/bin/../lib/gcc/arm-none-eabi/12.3.1/../../../../arm-none-eabi/lib/thumb/v7e-m+fp/hard/libc_nano.a(libc_a-memcpy-stub.o)
                0x080072a0                memcpy
 *(.glue_7)
 .glue_7        0x080072bc        0x0 linker stubs
 *(.glue_7t)
 .glue_7t       0x080072bc        0x0 linker stubs
 *(.eh_frame)
 .eh_frame      0x080072bc        0x0 /opt/st/stm32cubeide_1.16.0/plugins/com.st.stm32cube.ide.mcu.externaltools.gnu-tools-for-stm32.12.3.rel1.linux64_1.0.200.202406132123/tools/bin/../lib/gcc/arm-none-eabi/12.3.1/thumb/v7e-m+fp/hard/crtbegin.o
 *(.init)
 .init          0x080072bc        0x4 /opt/st/stm32cubeide_1.16.0/plugins/com.st.stm32cube.ide.mcu.externaltools.gnu-tools-for-stm32.12.3.rel1.linux64_1.0.200.202406132123/tools/bin/../lib/gcc/arm-none-eabi/12.3.1/thumb/v7e-m+fp/hard/crti.o
                0x080072bc                _init
 .init          0x080072c0        0x8 /opt/st/stm32cubeide_1.16.0/plugins/com.st.stm32cube.ide.mcu.externaltools.gnu-tools-for-stm32.12.3.rel1.linux64_1.0.200.202406132123/tools/bin/../lib/gcc/arm-none-eabi/12.3.1/thumb/v7e-m+fp/hard/crtn.o
 *(.fini)
 .fini          0x080072c8        0x4 /opt/st/stm32cubeide_1.16.0/plugins/com.st.stm32cube.ide.mcu.externaltools.gnu-tools-for-stm32.12.3.rel1.linux64_1.0.200.202406132123/tools/bin/../lib/gcc/arm-none-eabi/12.3.1/thumb/v7e-m+fp/hard/crti.o
                0x080072c8                _fini
 .fini          0x080072cc        0x8 /opt/st/stm32cubeide_1.16.0/plugins/com.st.stm32cube.ide.mcu.externaltools.gnu-tools-for-stm32.12.3.rel1.linux64_1.0.200.202406132123/tools/bin/../lib/gcc/arm-none-eabi/12.3.1/thumb/v7e-m+fp/hard/crtn.o
                0x080072d4                        . = ALIGN (0x4)
                0x080072d4                        _etext = .

.vfp11_veneer   0x080072d4        0x0
 .vfp11_veneer  0x080072d4        0x0 linker stubs

.v4_bx          0x080072d4        0x0
 .v4_bx         0x080072d4        0x0 linker stubs

.iplt           0x080072d4        0x0
 .iplt          0x080072d4        0x0 /opt/st/stm32cubeide_1.16.0/plugins/com.st.stm32cube.ide.mcu.externaltools.gnu-tools-for-stm32.12.3.rel1.linux64_1.0.200.202406132123/tools/bin/../lib/gcc/arm-none-eabi/12.3.1/thumb/v7e-m+fp/hard/crtbegin.o

.rodata         0x080072d4       0x88
                0x080072d4                        . = ALIGN (0x4)
 *(.rodata)
 .rodata        0x080072d4        0xc ./Core/Src/app_freertos.o
 .rodata        0x080072e0        0x5 ./Middlewares/Third_Party/FreeRTOS/Source/tasks.o
 *fill*         0x080072e5        0x3 
 .rodata        0x080072e8        0xd ./Middlewares/Third_Party/FreeRTOS/Source/timers.o
 *(.rodata*)
 *fill*         0x080072f5        0x3 
 .rodata.defaultTask_attributes
                0x080072f8       0x24 ./Core/Src/app_freertos.o
                0x080072f8                defaultTask_attributes
 .rodata.AHBPrescTable
                0x0800731c       0x10 ./Core/Src/system_stm32g4xx.o
                0x0800731c                AHBPrescTable
 .rodata.APBPrescTable
                0x0800732c        0x8 ./Core/Src/system_stm32g4xx.o
                0x0800732c                APBPrescTable
 .rodata.UARTPrescTable
                0x08007334       0x18 ./Drivers/STM32G4xx_HAL_Driver/Src/stm32g4xx_hal_uart.o
                0x08007334                UARTPrescTable
 .rodata.numerator.1
                0x0800734c        0x8 ./Drivers/STM32G4xx_HAL_Driver/Src/stm32g4xx_hal_uart_ex.o
 .rodata.denominator.0
                0x08007354        0x8 ./Drivers/STM32G4xx_HAL_Driver/Src/stm32g4xx_hal_uart_ex.o
                0x0800735c                        . = ALIGN (0x4)

.ARM.extab      0x0800735c        0x0
                0x0800735c                        . = ALIGN (0x4)
 *(.ARM.extab* .gnu.linkonce.armextab.*)
                0x0800735c                        . = ALIGN (0x4)

.ARM            0x0800735c        0x8
                0x0800735c                        . = ALIGN (0x4)
                0x0800735c                        __exidx_start = .
 *(.ARM.exidx*)
 .ARM.exidx     0x0800735c        0x8 /opt/st/stm32cubeide_1.16.0/plugins/com.st.stm32cube.ide.mcu.externaltools.gnu-tools-for-stm32.12.3.rel1.linux64_1.0.200.202406132123/tools/bin/../lib/gcc/arm-none-eabi/12.3.1/thumb/v7e-m+fp/hard/libgcc.a(_udivmoddi4.o)
                0x08007364                        __exidx_end = .
                0x08007364                        . = ALIGN (0x4)

.preinit_array  0x08007364        0x0
                0x08007364                        . = ALIGN (0x4)
                0x08007364                        PROVIDE (__preinit_array_start = .)
 *(.preinit_array*)
                0x08007364                        PROVIDE (__preinit_array_end = .)
                0x08007364                        . = ALIGN (0x4)

.init_array     0x08007364        0x4
                0x08007364                        . = ALIGN (0x4)
                0x08007364                        PROVIDE (__init_array_start = .)
 *(SORT_BY_NAME(.init_array.*))
 *(.init_array*)
 .init_array    0x08007364        0x4 /opt/st/stm32cubeide_1.16.0/plugins/com.st.stm32cube.ide.mcu.externaltools.gnu-tools-for-stm32.12.3.rel1.linux64_1.0.200.202406132123/tools/bin/../lib/gcc/arm-none-eabi/12.3.1/thumb/v7e-m+fp/hard/crtbegin.o
                0x08007368                        PROVIDE (__init_array_end = .)
                0x08007368                        . = ALIGN (0x4)

.fini_array     0x08007368        0x4
                0x08007368                        . = ALIGN (0x4)
                [!provide]                        PROVIDE (__fini_array_start = .)
 *(SORT_BY_NAME(.fini_array.*))
 *(.fini_array*)
 .fini_array    0x08007368        0x4 /opt/st/stm32cubeide_1.16.0/plugins/com.st.stm32cube.ide.mcu.externaltools.gnu-tools-for-stm32.12.3.rel1.linux64_1.0.200.202406132123/tools/bin/../lib/gcc/arm-none-eabi/12.3.1/thumb/v7e-m+fp/hard/crtbegin.o
                [!provide]                        PROVIDE (__fini_array_end = .)
                0x0800736c                        . = ALIGN (0x4)
                0x0800736c                        _sidata = LOADADDR (.data)

.rel.dyn        0x0800736c        0x0
 .rel.iplt      0x0800736c        0x0 /opt/st/stm32cubeide_1.16.0/plugins/com.st.stm32cube.ide.mcu.externaltools.gnu-tools-for-stm32.12.3.rel1.linux64_1.0.200.202406132123/tools/bin/../lib/gcc/arm-none-eabi/12.3.1/thumb/v7e-m+fp/hard/crtbegin.o

.data           0x20000000       0x10 load address 0x0800736c
                0x20000000                        . = ALIGN (0x4)
                0x20000000                        _sdata = .
 *(.data)
 *(.data*)
 .data.SystemCoreClock
                0x20000000        0x4 ./Core/Src/system_stm32g4xx.o
                0x20000000                SystemCoreClock
 .data.uwTickPrio
                0x20000004        0x4 ./Drivers/STM32G4xx_HAL_Driver/Src/stm32g4xx_hal.o
                0x20000004                uwTickPrio
 .data.uwTickFreq
                0x20000008        0x4 ./Drivers/STM32G4xx_HAL_Driver/Src/stm32g4xx_hal.o
                0x20000008                uwTickFreq
 .data.uxCriticalNesting
                0x2000000c        0x4 ./Middlewares/Third_Party/FreeRTOS/Source/portable/GCC/ARM_CM4F/port.o
 *(.RamFunc)
 *(.RamFunc*)
                0x20000010                        . = ALIGN (0x4)
                0x20000010                        _edata = .

.igot.plt       0x20000010        0x0 load address 0x0800737c
 .igot.plt      0x20000010        0x0 /opt/st/stm32cubeide_1.16.0/plugins/com.st.stm32cube.ide.mcu.externaltools.gnu-tools-for-stm32.12.3.rel1.linux64_1.0.200.202406132123/tools/bin/../lib/gcc/arm-none-eabi/12.3.1/thumb/v7e-m+fp/hard/crtbegin.o
                0x20000010                        . = ALIGN (0x4)

.bss            0x20000010     0x4ab4 load address 0x0800737c
                0x20000010                        _sbss = .
                0x20000010                        __bss_start__ = _sbss
 *(.bss)
 .bss           0x20000010       0x1c /opt/st/stm32cubeide_1.16.0/plugins/com.st.stm32cube.ide.mcu.externaltools.gnu-tools-for-stm32.12.3.rel1.linux64_1.0.200.202406132123/tools/bin/../lib/gcc/arm-none-eabi/12.3.1/thumb/v7e-m+fp/hard/crtbegin.o
 *(.bss*)
 .bss.defaultTaskHandle
                0x2000002c        0x4 ./Core/Src/app_freertos.o
                0x2000002c                defaultTaskHandle
 .bss.defaultTaskBuffer
                0x20000030     0x2ee0 ./Core/Src/app_freertos.o
                0x20000030                defaultTaskBuffer
 .bss.defaultTaskControlBlock
                0x20002f10       0x5c ./Core/Src/app_freertos.o
                0x20002f10                defaultTaskControlBlock
 .bss.hi2c1     0x20002f6c       0x54 ./Core/Src/i2c.o
                0x20002f6c                hi2c1
 .bss.hiwdg     0x20002fc0       0x10 ./Core/Src/iwdg.o
                0x20002fc0                hiwdg
 .bss.htim1     0x20002fd0       0x4c ./Core/Src/stm32g4xx_hal_timebase_tim.o
                0x20002fd0                htim1
 .bss.hlpuart1  0x2000301c       0x94 ./Core/Src/usart.o
                0x2000301c                hlpuart1
 .bss.hdma_lpuart1_rx
                0x200030b0       0x60 ./Core/Src/usart.o
                0x200030b0                hdma_lpuart1_rx
 .bss.hdma_lpuart1_tx
                0x20003110       0x60 ./Core/Src/usart.o
                0x20003110                hdma_lpuart1_tx
 .bss.uwTick    0x20003170        0x4 ./Drivers/STM32G4xx_HAL_Driver/Src/stm32g4xx_hal.o
                0x20003170                uwTick
 .bss.KernelState
                0x20003174        0x4 ./Middlewares/Third_Party/FreeRTOS/Source/CMSIS_RTOS_V2/cmsis_os2.o
 .bss.Idle_TCB.3
                0x20003178       0x5c ./Middlewares/Third_Party/FreeRTOS/Source/CMSIS_RTOS_V2/cmsis_os2.o
 .bss.Idle_Stack.2
                0x200031d4      0x200 ./Middlewares/Third_Party/FreeRTOS/Source/CMSIS_RTOS_V2/cmsis_os2.o
 .bss.Timer_TCB.1
                0x200033d4       0x5c ./Middlewares/Third_Party/FreeRTOS/Source/CMSIS_RTOS_V2/cmsis_os2.o
 .bss.Timer_Stack.0
                0x20003430      0x400 ./Middlewares/Third_Party/FreeRTOS/Source/CMSIS_RTOS_V2/cmsis_os2.o
 .bss.xQueueRegistry
                0x20003830       0x40 ./Middlewares/Third_Party/FreeRTOS/Source/queue.o
                0x20003830                xQueueRegistry
 .bss.pxCurrentTCB
                0x20003870        0x4 ./Middlewares/Third_Party/FreeRTOS/Source/tasks.o
                0x20003870                pxCurrentTCB
 .bss.pxReadyTasksLists
                0x20003874      0x460 ./Middlewares/Third_Party/FreeRTOS/Source/tasks.o
 .bss.xDelayedTaskList1
                0x20003cd4       0x14 ./Middlewares/Third_Party/FreeRTOS/Source/tasks.o
 .bss.xDelayedTaskList2
                0x20003ce8       0x14 ./Middlewares/Third_Party/FreeRTOS/Source/tasks.o
 .bss.pxDelayedTaskList
                0x20003cfc        0x4 ./Middlewares/Third_Party/FreeRTOS/Source/tasks.o
 .bss.pxOverflowDelayedTaskList
                0x20003d00        0x4 ./Middlewares/Third_Party/FreeRTOS/Source/tasks.o
 .bss.xPendingReadyList
                0x20003d04       0x14 ./Middlewares/Third_Party/FreeRTOS/Source/tasks.o
 .bss.xTasksWaitingTermination
                0x20003d18       0x14 ./Middlewares/Third_Party/FreeRTOS/Source/tasks.o
 .bss.uxDeletedTasksWaitingCleanUp
                0x20003d2c        0x4 ./Middlewares/Third_Party/FreeRTOS/Source/tasks.o
 .bss.xSuspendedTaskList
                0x20003d30       0x14 ./Middlewares/Third_Party/FreeRTOS/Source/tasks.o
 .bss.uxCurrentNumberOfTasks
                0x20003d44        0x4 ./Middlewares/Third_Party/FreeRTOS/Source/tasks.o
 .bss.xTickCount
                0x20003d48        0x4 ./Middlewares/Third_Party/FreeRTOS/Source/tasks.o
 .bss.uxTopReadyPriority
                0x20003d4c        0x4 ./Middlewares/Third_Party/FreeRTOS/Source/tasks.o
 .bss.xSchedulerRunning
                0x20003d50        0x4 ./Middlewares/Third_Party/FreeRTOS/Source/tasks.o
 .bss.xPendedTicks
                0x20003d54        0x4 ./Middlewares/Third_Party/FreeRTOS/Source/tasks.o
 .bss.xYieldPending
                0x20003d58        0x4 ./Middlewares/Third_Party/FreeRTOS/Source/tasks.o
 .bss.xNumOfOverflows
                0x20003d5c        0x4 ./Middlewares/Third_Party/FreeRTOS/Source/tasks.o
 .bss.uxTaskNumber
                0x20003d60        0x4 ./Middlewares/Third_Party/FreeRTOS/Source/tasks.o
 .bss.xNextTaskUnblockTime
                0x20003d64        0x4 ./Middlewares/Third_Party/FreeRTOS/Source/tasks.o
 .bss.xIdleTaskHandle
                0x20003d68        0x4 ./Middlewares/Third_Party/FreeRTOS/Source/tasks.o
 .bss.uxSchedulerSuspended
                0x20003d6c        0x4 ./Middlewares/Third_Party/FreeRTOS/Source/tasks.o
 .bss.xActiveTimerList1
                0x20003d70       0x14 ./Middlewares/Third_Party/FreeRTOS/Source/timers.o
 .bss.xActiveTimerList2
                0x20003d84       0x14 ./Middlewares/Third_Party/FreeRTOS/Source/timers.o
 .bss.pxCurrentTimerList
                0x20003d98        0x4 ./Middlewares/Third_Party/FreeRTOS/Source/timers.o
 .bss.pxOverflowTimerList
                0x20003d9c        0x4 ./Middlewares/Third_Party/FreeRTOS/Source/timers.o
 .bss.xTimerQueue
                0x20003da0        0x4 ./Middlewares/Third_Party/FreeRTOS/Source/timers.o
 .bss.xTimerTaskHandle
                0x20003da4        0x4 ./Middlewares/Third_Party/FreeRTOS/Source/timers.o
 .bss.xLastTime.2
                0x20003da8        0x4 ./Middlewares/Third_Party/FreeRTOS/Source/timers.o
 .bss.ucStaticTimerQueueStorage.1
                0x20003dac       0xa0 ./Middlewares/Third_Party/FreeRTOS/Source/timers.o
 .bss.xStaticTimerQueue.0
                0x20003e4c       0x50 ./Middlewares/Third_Party/FreeRTOS/Source/timers.o
 .bss.ucMaxSysCallPriority
                0x20003e9c        0x1 ./Middlewares/Third_Party/FreeRTOS/Source/portable/GCC/ARM_CM4F/port.o
 *fill*         0x20003e9d        0x3 
 .bss.ulMaxPRIGROUPValue
                0x20003ea0        0x4 ./Middlewares/Third_Party/FreeRTOS/Source/portable/GCC/ARM_CM4F/port.o
 .bss.ucHeap    0x20003ea4      0xc00 ./Middlewares/Third_Party/FreeRTOS/Source/portable/MemMang/heap_4.o
 .bss.xStart    0x20004aa4        0x8 ./Middlewares/Third_Party/FreeRTOS/Source/portable/MemMang/heap_4.o
 .bss.pxEnd     0x20004aac        0x4 ./Middlewares/Third_Party/FreeRTOS/Source/portable/MemMang/heap_4.o
 .bss.xFreeBytesRemaining
                0x20004ab0        0x4 ./Middlewares/Third_Party/FreeRTOS/Source/portable/MemMang/heap_4.o
 .bss.xMinimumEverFreeBytesRemaining
                0x20004ab4        0x4 ./Middlewares/Third_Party/FreeRTOS/Source/portable/MemMang/heap_4.o
 .bss.xNumberOfSuccessfulAllocations
                0x20004ab8        0x4 ./Middlewares/Third_Party/FreeRTOS/Source/portable/MemMang/heap_4.o
 .bss.xNumberOfSuccessfulFrees
                0x20004abc        0x4 ./Middlewares/Third_Party/FreeRTOS/Source/portable/MemMang/heap_4.o
 .bss.xBlockAllocatedBit
                0x20004ac0        0x4 ./Middlewares/Third_Party/FreeRTOS/Source/portable/MemMang/heap_4.o
 *(COMMON)
                0x20004ac4                        . = ALIGN (0x4)
                0x20004ac4                        _ebss = .
                0x20004ac4                        __bss_end__ = _ebss

._user_heap_stack
                0x20004ac4      0x604 load address 0x0800737c
                0x20004ac8                        . = ALIGN (0x8)
 *fill*         0x20004ac4        0x4 
                [!provide]                        PROVIDE (end = .)
                0x20004ac8                        PROVIDE (_end = .)
                0x20004cc8                        . = (. + _Min_Heap_Size)
 *fill*         0x20004ac8      0x200 
                0x200050c8                        . = (. + _Min_Stack_Size)
 *fill*         0x20004cc8      0x400 
                0x200050c8                        . = ALIGN (0x8)

/DISCARD/
 libc.a(*)
 libm.a(*)
 libgcc.a(*)

.ARM.attributes
                0x00000000       0x30
 *(.ARM.attributes)
 .ARM.attributes
                0x00000000       0x22 /opt/st/stm32cubeide_1.16.0/plugins/com.st.stm32cube.ide.mcu.externaltools.gnu-tools-for-stm32.12.3.rel1.linux64_1.0.200.202406132123/tools/bin/../lib/gcc/arm-none-eabi/12.3.1/thumb/v7e-m+fp/hard/crti.o
 .ARM.attributes
                0x00000022       0x34 /opt/st/stm32cubeide_1.16.0/plugins/com.st.stm32cube.ide.mcu.externaltools.gnu-tools-for-stm32.12.3.rel1.linux64_1.0.200.202406132123/tools/bin/../lib/gcc/arm-none-eabi/12.3.1/thumb/v7e-m+fp/hard/crtbegin.o
 .ARM.attributes
                0x00000056       0x34 ./Core/Src/app_freertos.o
 .ARM.attributes
                0x0000008a       0x34 ./Core/Src/dma.o
 .ARM.attributes
                0x000000be       0x34 ./Core/Src/gpio.o
 .ARM.attributes
                0x000000f2       0x34 ./Core/Src/i2c.o
 .ARM.attributes
                0x00000126       0x34 ./Core/Src/iwdg.o
 .ARM.attributes
                0x0000015a       0x34 ./Core/Src/main.o
 .ARM.attributes
                0x0000018e       0x34 ./Core/Src/stm32g4xx_hal_msp.o
 .ARM.attributes
                0x000001c2       0x34 ./Core/Src/stm32g4xx_hal_timebase_tim.o
 .ARM.attributes
                0x000001f6       0x34 ./Core/Src/stm32g4xx_it.o
 .ARM.attributes
                0x0000022a       0x34 ./Core/Src/system_stm32g4xx.o
 .ARM.attributes
                0x0000025e       0x34 ./Core/Src/usart.o
 .ARM.attributes
                0x00000292       0x21 ./Core/Startup/startup_stm32g474retx.o
 .ARM.attributes
                0x000002b3       0x34 ./Drivers/STM32G4xx_HAL_Driver/Src/stm32g4xx_hal.o
 .ARM.attributes
                0x000002e7       0x34 ./Drivers/STM32G4xx_HAL_Driver/Src/stm32g4xx_hal_cortex.o
 .ARM.attributes
                0x0000031b       0x34 ./Drivers/STM32G4xx_HAL_Driver/Src/stm32g4xx_hal_dma.o
 .ARM.attributes
                0x0000034f       0x34 ./Drivers/STM32G4xx_HAL_Driver/Src/stm32g4xx_hal_gpio.o
 .ARM.attributes
                0x00000383       0x34 ./Drivers/STM32G4xx_HAL_Driver/Src/stm32g4xx_hal_i2c.o
 .ARM.attributes
                0x000003b7       0x34 ./Drivers/STM32G4xx_HAL_Driver/Src/stm32g4xx_hal_i2c_ex.o
 .ARM.attributes
                0x000003eb       0x34 ./Drivers/STM32G4xx_HAL_Driver/Src/stm32g4xx_hal_iwdg.o
 .ARM.attributes
                0x0000041f       0x34 ./Drivers/STM32G4xx_HAL_Driver/Src/stm32g4xx_hal_pwr_ex.o
 .ARM.attributes
                0x00000453       0x34 ./Drivers/STM32G4xx_HAL_Driver/Src/stm32g4xx_hal_rcc.o
 .ARM.attributes
                0x00000487       0x34 ./Drivers/STM32G4xx_HAL_Driver/Src/stm32g4xx_hal_rcc_ex.o
 .ARM.attributes
                0x000004bb       0x34 ./Drivers/STM32G4xx_HAL_Driver/Src/stm32g4xx_hal_tim.o
 .ARM.attributes
                0x000004ef       0x34 ./Drivers/STM32G4xx_HAL_Driver/Src/stm32g4xx_hal_tim_ex.o
 .ARM.attributes
                0x00000523       0x34 ./Drivers/STM32G4xx_HAL_Driver/Src/stm32g4xx_hal_uart.o
 .ARM.attributes
                0x00000557       0x34 ./Drivers/STM32G4xx_HAL_Driver/Src/stm32g4xx_hal_uart_ex.o
 .ARM.attributes
                0x0000058b       0x34 ./Middlewares/Third_Party/FreeRTOS/Source/CMSIS_RTOS_V2/cmsis_os2.o
 .ARM.attributes
                0x000005bf       0x34 ./Middlewares/Third_Party/FreeRTOS/Source/list.o
 .ARM.attributes
                0x000005f3       0x34 ./Middlewares/Third_Party/FreeRTOS/Source/queue.o
 .ARM.attributes
                0x00000627       0x34 ./Middlewares/Third_Party/FreeRTOS/Source/tasks.o
 .ARM.attributes
                0x0000065b       0x34 ./Middlewares/Third_Party/FreeRTOS/Source/timers.o
 .ARM.attributes
                0x0000068f       0x34 ./Middlewares/Third_Party/FreeRTOS/Source/portable/GCC/ARM_CM4F/port.o
 .ARM.attributes
                0x000006c3       0x34 ./Middlewares/Third_Party/FreeRTOS/Source/portable/MemMang/heap_4.o
 .ARM.attributes
                0x000006f7       0x34 /opt/st/stm32cubeide_1.16.0/plugins/com.st.stm32cube.ide.mcu.externaltools.gnu-tools-for-stm32.12.3.rel1.linux64_1.0.200.202406132123/tools/bin/../lib/gcc/arm-none-eabi/12.3.1/../../../../arm-none-eabi/lib/thumb/v7e-m+fp/hard/libc_nano.a(libc_a-memset.o)
 .ARM.attributes
                0x0000072b       0x34 /opt/st/stm32cubeide_1.16.0/plugins/com.st.stm32cube.ide.mcu.externaltools.gnu-tools-for-stm32.12.3.rel1.linux64_1.0.200.202406132123/tools/bin/../lib/gcc/arm-none-eabi/12.3.1/../../../../arm-none-eabi/lib/thumb/v7e-m+fp/hard/libc_nano.a(libc_a-init.o)
 .ARM.attributes
                0x0000075f       0x34 /opt/st/stm32cubeide_1.16.0/plugins/com.st.stm32cube.ide.mcu.externaltools.gnu-tools-for-stm32.12.3.rel1.linux64_1.0.200.202406132123/tools/bin/../lib/gcc/arm-none-eabi/12.3.1/../../../../arm-none-eabi/lib/thumb/v7e-m+fp/hard/libc_nano.a(libc_a-memcpy-stub.o)
 .ARM.attributes
                0x00000793       0x22 /opt/st/stm32cubeide_1.16.0/plugins/com.st.stm32cube.ide.mcu.externaltools.gnu-tools-for-stm32.12.3.rel1.linux64_1.0.200.202406132123/tools/bin/../lib/gcc/arm-none-eabi/12.3.1/thumb/v7e-m+fp/hard/libgcc.a(_aeabi_uldivmod.o)
 .ARM.attributes
                0x000007b5       0x34 /opt/st/stm32cubeide_1.16.0/plugins/com.st.stm32cube.ide.mcu.externaltools.gnu-tools-for-stm32.12.3.rel1.linux64_1.0.200.202406132123/tools/bin/../lib/gcc/arm-none-eabi/12.3.1/thumb/v7e-m+fp/hard/libgcc.a(_udivmoddi4.o)
 .ARM.attributes
                0x000007e9       0x22 /opt/st/stm32cubeide_1.16.0/plugins/com.st.stm32cube.ide.mcu.externaltools.gnu-tools-for-stm32.12.3.rel1.linux64_1.0.200.202406132123/tools/bin/../lib/gcc/arm-none-eabi/12.3.1/thumb/v7e-m+fp/hard/libgcc.a(_dvmd_tls.o)
 .ARM.attributes
                0x0000080b       0x22 /opt/st/stm32cubeide_1.16.0/plugins/com.st.stm32cube.ide.mcu.externaltools.gnu-tools-for-stm32.12.3.rel1.linux64_1.0.200.202406132123/tools/bin/../lib/gcc/arm-none-eabi/12.3.1/thumb/v7e-m+fp/hard/crtn.o
OUTPUT(G474RE-Firmware-FUN5.elf elf32-littlearm)
LOAD linker stubs
LOAD /opt/st/stm32cubeide_1.16.0/plugins/com.st.stm32cube.ide.mcu.externaltools.gnu-tools-for-stm32.12.3.rel1.linux64_1.0.200.202406132123/tools/bin/../lib/gcc/arm-none-eabi/12.3.1/../../../../arm-none-eabi/lib/thumb/v7e-m+fp/hard/libc.a
LOAD /opt/st/stm32cubeide_1.16.0/plugins/com.st.stm32cube.ide.mcu.externaltools.gnu-tools-for-stm32.12.3.rel1.linux64_1.0.200.202406132123/tools/bin/../lib/gcc/arm-none-eabi/12.3.1/../../../../arm-none-eabi/lib/thumb/v7e-m+fp/hard/libm.a
LOAD /opt/st/stm32cubeide_1.16.0/plugins/com.st.stm32cube.ide.mcu.externaltools.gnu-tools-for-stm32.12.3.rel1.linux64_1.0.200.202406132123/tools/bin/../lib/gcc/arm-none-eabi/12.3.1/thumb/v7e-m+fp/hard/libgcc.a

.debug_info     0x00000000    0x219dd
 .debug_info    0x00000000      0x7a0 ./Core/Src/app_freertos.o
 .debug_info    0x000007a0      0x5ac ./Core/Src/dma.o
 .debug_info    0x00000d4c      0x75e ./Core/Src/gpio.o
 .debug_info    0x000014aa      0xcc0 ./Core/Src/i2c.o
 .debug_info    0x0000216a      0x1d3 ./Core/Src/iwdg.o
 .debug_info    0x0000233d      0xac8 ./Core/Src/main.o
 .debug_info    0x00002e05      0x5a6 ./Core/Src/stm32g4xx_hal_msp.o
 .debug_info    0x000033ab      0xe78 ./Core/Src/stm32g4xx_hal_timebase_tim.o
 .debug_info    0x00004223      0xc91 ./Core/Src/stm32g4xx_it.o
 .debug_info    0x00004eb4      0x58e ./Core/Src/system_stm32g4xx.o
 .debug_info    0x00005442     0x10e6 ./Core/Src/usart.o
 .debug_info    0x00006528       0x30 ./Core/Startup/startup_stm32g474retx.o
 .debug_info    0x00006558      0xb95 ./Drivers/STM32G4xx_HAL_Driver/Src/stm32g4xx_hal.o
 .debug_info    0x000070ed      0xdf9 ./Drivers/STM32G4xx_HAL_Driver/Src/stm32g4xx_hal_cortex.o
 .debug_info    0x00007ee6      0x85f ./Drivers/STM32G4xx_HAL_Driver/Src/stm32g4xx_hal_dma.o
 .debug_info    0x00008745      0x763 ./Drivers/STM32G4xx_HAL_Driver/Src/stm32g4xx_hal_gpio.o
 .debug_info    0x00008ea8     0x21ea ./Drivers/STM32G4xx_HAL_Driver/Src/stm32g4xx_hal_i2c.o
 .debug_info    0x0000b092      0xad6 ./Drivers/STM32G4xx_HAL_Driver/Src/stm32g4xx_hal_i2c_ex.o
 .debug_info    0x0000bb68      0x1f7 ./Drivers/STM32G4xx_HAL_Driver/Src/stm32g4xx_hal_iwdg.o
 .debug_info    0x0000bd5f      0x93f ./Drivers/STM32G4xx_HAL_Driver/Src/stm32g4xx_hal_pwr_ex.o
 .debug_info    0x0000c69e      0xbe0 ./Drivers/STM32G4xx_HAL_Driver/Src/stm32g4xx_hal_rcc.o
 .debug_info    0x0000d27e      0xc45 ./Drivers/STM32G4xx_HAL_Driver/Src/stm32g4xx_hal_rcc_ex.o
 .debug_info    0x0000dec3     0x2c52 ./Drivers/STM32G4xx_HAL_Driver/Src/stm32g4xx_hal_tim.o
 .debug_info    0x00010b15     0x1d95 ./Drivers/STM32G4xx_HAL_Driver/Src/stm32g4xx_hal_tim_ex.o
 .debug_info    0x000128aa     0x481e ./Drivers/STM32G4xx_HAL_Driver/Src/stm32g4xx_hal_uart.o
 .debug_info    0x000170c8      0xfdd ./Drivers/STM32G4xx_HAL_Driver/Src/stm32g4xx_hal_uart_ex.o
 .debug_info    0x000180a5     0x3ae9 ./Middlewares/Third_Party/FreeRTOS/Source/CMSIS_RTOS_V2/cmsis_os2.o
 .debug_info    0x0001bb8e      0x2af ./Middlewares/Third_Party/FreeRTOS/Source/list.o
 .debug_info    0x0001be3d     0x1b79 ./Middlewares/Third_Party/FreeRTOS/Source/queue.o
 .debug_info    0x0001d9b6     0x21ec ./Middlewares/Third_Party/FreeRTOS/Source/tasks.o
 .debug_info    0x0001fba2     0x1488 ./Middlewares/Third_Party/FreeRTOS/Source/timers.o
 .debug_info    0x0002102a      0x4de ./Middlewares/Third_Party/FreeRTOS/Source/portable/GCC/ARM_CM4F/port.o
 .debug_info    0x00021508      0x4d5 ./Middlewares/Third_Party/FreeRTOS/Source/portable/MemMang/heap_4.o

.debug_abbrev   0x00000000     0x48a3
 .debug_abbrev  0x00000000      0x1ec ./Core/Src/app_freertos.o
 .debug_abbrev  0x000001ec      0x109 ./Core/Src/dma.o
 .debug_abbrev  0x000002f5      0x15b ./Core/Src/gpio.o
 .debug_abbrev  0x00000450      0x213 ./Core/Src/i2c.o
 .debug_abbrev  0x00000663      0x139 ./Core/Src/iwdg.o
 .debug_abbrev  0x0000079c      0x25d ./Core/Src/main.o
 .debug_abbrev  0x000009f9      0x11a ./Core/Src/stm32g4xx_hal_msp.o
 .debug_abbrev  0x00000b13      0x223 ./Core/Src/stm32g4xx_hal_timebase_tim.o
 .debug_abbrev  0x00000d36      0x1b7 ./Core/Src/stm32g4xx_it.o
 .debug_abbrev  0x00000eed      0x11a ./Core/Src/system_stm32g4xx.o
 .debug_abbrev  0x00001007      0x228 ./Core/Src/usart.o
 .debug_abbrev  0x0000122f       0x24 ./Core/Startup/startup_stm32g474retx.o
 .debug_abbrev  0x00001253      0x271 ./Drivers/STM32G4xx_HAL_Driver/Src/stm32g4xx_hal.o
 .debug_abbrev  0x000014c4      0x31c ./Drivers/STM32G4xx_HAL_Driver/Src/stm32g4xx_hal_cortex.o
 .debug_abbrev  0x000017e0      0x1e2 ./Drivers/STM32G4xx_HAL_Driver/Src/stm32g4xx_hal_dma.o
 .debug_abbrev  0x000019c2      0x1cb ./Drivers/STM32G4xx_HAL_Driver/Src/stm32g4xx_hal_gpio.o
 .debug_abbrev  0x00001b8d      0x25e ./Drivers/STM32G4xx_HAL_Driver/Src/stm32g4xx_hal_i2c.o
 .debug_abbrev  0x00001deb      0x1c0 ./Drivers/STM32G4xx_HAL_Driver/Src/stm32g4xx_hal_i2c_ex.o
 .debug_abbrev  0x00001fab      0x14d ./Drivers/STM32G4xx_HAL_Driver/Src/stm32g4xx_hal_iwdg.o
 .debug_abbrev  0x000020f8      0x22c ./Drivers/STM32G4xx_HAL_Driver/Src/stm32g4xx_hal_pwr_ex.o
 .debug_abbrev  0x00002324      0x2c9 ./Drivers/STM32G4xx_HAL_Driver/Src/stm32g4xx_hal_rcc.o
 .debug_abbrev  0x000025ed      0x258 ./Drivers/STM32G4xx_HAL_Driver/Src/stm32g4xx_hal_rcc_ex.o
 .debug_abbrev  0x00002845      0x2a7 ./Drivers/STM32G4xx_HAL_Driver/Src/stm32g4xx_hal_tim.o
 .debug_abbrev  0x00002aec      0x2c5 ./Drivers/STM32G4xx_HAL_Driver/Src/stm32g4xx_hal_tim_ex.o
 .debug_abbrev  0x00002db1      0x304 ./Drivers/STM32G4xx_HAL_Driver/Src/stm32g4xx_hal_uart.o
 .debug_abbrev  0x000030b5      0x2d2 ./Drivers/STM32G4xx_HAL_Driver/Src/stm32g4xx_hal_uart_ex.o
 .debug_abbrev  0x00003387      0x520 ./Middlewares/Third_Party/FreeRTOS/Source/CMSIS_RTOS_V2/cmsis_os2.o
 .debug_abbrev  0x000038a7       0xf5 ./Middlewares/Third_Party/FreeRTOS/Source/list.o
 .debug_abbrev  0x0000399c      0x3b6 ./Middlewares/Third_Party/FreeRTOS/Source/queue.o
 .debug_abbrev  0x00003d52      0x386 ./Middlewares/Third_Party/FreeRTOS/Source/tasks.o
 .debug_abbrev  0x000040d8      0x352 ./Middlewares/Third_Party/FreeRTOS/Source/timers.o
 .debug_abbrev  0x0000442a      0x25c ./Middlewares/Third_Party/FreeRTOS/Source/portable/GCC/ARM_CM4F/port.o
 .debug_abbrev  0x00004686      0x21d ./Middlewares/Third_Party/FreeRTOS/Source/portable/MemMang/heap_4.o

.debug_aranges  0x00000000     0x1c48
 .debug_aranges
                0x00000000       0x28 ./Core/Src/app_freertos.o
 .debug_aranges
                0x00000028       0x20 ./Core/Src/dma.o
 .debug_aranges
                0x00000048       0x20 ./Core/Src/gpio.o
 .debug_aranges
                0x00000068       0x30 ./Core/Src/i2c.o
 .debug_aranges
                0x00000098       0x20 ./Core/Src/iwdg.o
 .debug_aranges
                0x000000b8       0x38 ./Core/Src/main.o
 .debug_aranges
                0x000000f0       0x20 ./Core/Src/stm32g4xx_hal_msp.o
 .debug_aranges
                0x00000110       0x30 ./Core/Src/stm32g4xx_hal_timebase_tim.o
 .debug_aranges
                0x00000140       0x70 ./Core/Src/stm32g4xx_it.o
 .debug_aranges
                0x000001b0       0x28 ./Core/Src/system_stm32g4xx.o
 .debug_aranges
                0x000001d8       0x30 ./Core/Src/usart.o
 .debug_aranges
                0x00000208       0x28 ./Core/Startup/startup_stm32g474retx.o
 .debug_aranges
                0x00000230      0x148 ./Drivers/STM32G4xx_HAL_Driver/Src/stm32g4xx_hal.o
 .debug_aranges
                0x00000378      0x128 ./Drivers/STM32G4xx_HAL_Driver/Src/stm32g4xx_hal_cortex.o
 .debug_aranges
                0x000004a0       0x90 ./Drivers/STM32G4xx_HAL_Driver/Src/stm32g4xx_hal_dma.o
 .debug_aranges
                0x00000530       0x58 ./Drivers/STM32G4xx_HAL_Driver/Src/stm32g4xx_hal_gpio.o
 .debug_aranges
                0x00000588      0x2a0 ./Drivers/STM32G4xx_HAL_Driver/Src/stm32g4xx_hal_i2c.o
 .debug_aranges
                0x00000828       0x48 ./Drivers/STM32G4xx_HAL_Driver/Src/stm32g4xx_hal_i2c_ex.o
 .debug_aranges
                0x00000870       0x28 ./Drivers/STM32G4xx_HAL_Driver/Src/stm32g4xx_hal_iwdg.o
 .debug_aranges
                0x00000898      0x140 ./Drivers/STM32G4xx_HAL_Driver/Src/stm32g4xx_hal_pwr_ex.o
 .debug_aranges
                0x000009d8       0x98 ./Drivers/STM32G4xx_HAL_Driver/Src/stm32g4xx_hal_rcc.o
 .debug_aranges
                0x00000a70       0xb0 ./Drivers/STM32G4xx_HAL_Driver/Src/stm32g4xx_hal_rcc_ex.o
 .debug_aranges
                0x00000b20      0x3e0 ./Drivers/STM32G4xx_HAL_Driver/Src/stm32g4xx_hal_tim.o
 .debug_aranges
                0x00000f00      0x240 ./Drivers/STM32G4xx_HAL_Driver/Src/stm32g4xx_hal_tim_ex.o
 .debug_aranges
                0x00001140      0x248 ./Drivers/STM32G4xx_HAL_Driver/Src/stm32g4xx_hal_uart.o
 .debug_aranges
                0x00001388       0xa8 ./Drivers/STM32G4xx_HAL_Driver/Src/stm32g4xx_hal_uart_ex.o
 .debug_aranges
                0x00001430      0x2b0 ./Middlewares/Third_Party/FreeRTOS/Source/CMSIS_RTOS_V2/cmsis_os2.o
 .debug_aranges
                0x000016e0       0x40 ./Middlewares/Third_Party/FreeRTOS/Source/list.o
 .debug_aranges
                0x00001720      0x158 ./Middlewares/Third_Party/FreeRTOS/Source/queue.o
 .debug_aranges
                0x00001878      0x208 ./Middlewares/Third_Party/FreeRTOS/Source/tasks.o
 .debug_aranges
                0x00001a80       0xf0 ./Middlewares/Third_Party/FreeRTOS/Source/timers.o
 .debug_aranges
                0x00001b70       0x80 ./Middlewares/Third_Party/FreeRTOS/Source/portable/GCC/ARM_CM4F/port.o
 .debug_aranges
                0x00001bf0       0x58 ./Middlewares/Third_Party/FreeRTOS/Source/portable/MemMang/heap_4.o

.debug_rnglists
                0x00000000     0x15f8
 .debug_rnglists
                0x00000000       0x19 ./Core/Src/app_freertos.o
 .debug_rnglists
                0x00000019       0x13 ./Core/Src/dma.o
 .debug_rnglists
                0x0000002c       0x14 ./Core/Src/gpio.o
 .debug_rnglists
                0x00000040       0x21 ./Core/Src/i2c.o
 .debug_rnglists
                0x00000061       0x13 ./Core/Src/iwdg.o
 .debug_rnglists
                0x00000074       0x26 ./Core/Src/main.o
 .debug_rnglists
                0x0000009a       0x13 ./Core/Src/stm32g4xx_hal_msp.o
 .debug_rnglists
                0x000000ad       0x20 ./Core/Src/stm32g4xx_hal_timebase_tim.o
 .debug_rnglists
                0x000000cd       0x4f ./Core/Src/stm32g4xx_it.o
 .debug_rnglists
                0x0000011c       0x1a ./Core/Src/system_stm32g4xx.o
 .debug_rnglists
                0x00000136       0x21 ./Core/Src/usart.o
 .debug_rnglists
                0x00000157       0x19 ./Core/Startup/startup_stm32g474retx.o
 .debug_rnglists
                0x00000170       0xf1 ./Drivers/STM32G4xx_HAL_Driver/Src/stm32g4xx_hal.o
 .debug_rnglists
                0x00000261       0xda ./Drivers/STM32G4xx_HAL_Driver/Src/stm32g4xx_hal_cortex.o
 .debug_rnglists
                0x0000033b       0x71 ./Drivers/STM32G4xx_HAL_Driver/Src/stm32g4xx_hal_dma.o
 .debug_rnglists
                0x000003ac       0x3f ./Drivers/STM32G4xx_HAL_Driver/Src/stm32g4xx_hal_gpio.o
 .debug_rnglists
                0x000003eb      0x228 ./Drivers/STM32G4xx_HAL_Driver/Src/stm32g4xx_hal_i2c.o
 .debug_rnglists
                0x00000613       0x35 ./Drivers/STM32G4xx_HAL_Driver/Src/stm32g4xx_hal_i2c_ex.o
 .debug_rnglists
                0x00000648       0x1a ./Drivers/STM32G4xx_HAL_Driver/Src/stm32g4xx_hal_iwdg.o
 .debug_rnglists
                0x00000662       0xf1 ./Drivers/STM32G4xx_HAL_Driver/Src/stm32g4xx_hal_pwr_ex.o
 .debug_rnglists
                0x00000753       0x74 ./Drivers/STM32G4xx_HAL_Driver/Src/stm32g4xx_hal_rcc.o
 .debug_rnglists
                0x000007c7       0x87 ./Drivers/STM32G4xx_HAL_Driver/Src/stm32g4xx_hal_rcc_ex.o
 .debug_rnglists
                0x0000084e      0x328 ./Drivers/STM32G4xx_HAL_Driver/Src/stm32g4xx_hal_tim.o
 .debug_rnglists
                0x00000b76      0x1cc ./Drivers/STM32G4xx_HAL_Driver/Src/stm32g4xx_hal_tim_ex.o
 .debug_rnglists
                0x00000d42      0x1fa ./Drivers/STM32G4xx_HAL_Driver/Src/stm32g4xx_hal_uart.o
 .debug_rnglists
                0x00000f3c       0x7f ./Drivers/STM32G4xx_HAL_Driver/Src/stm32g4xx_hal_uart_ex.o
 .debug_rnglists
                0x00000fbb      0x212 ./Middlewares/Third_Party/FreeRTOS/Source/CMSIS_RTOS_V2/cmsis_os2.o
 .debug_rnglists
                0x000011cd       0x2b ./Middlewares/Third_Party/FreeRTOS/Source/list.o
 .debug_rnglists
                0x000011f8      0x109 ./Middlewares/Third_Party/FreeRTOS/Source/queue.o
 .debug_rnglists
                0x00001301      0x1a0 ./Middlewares/Third_Party/FreeRTOS/Source/tasks.o
 .debug_rnglists
                0x000014a1       0xb8 ./Middlewares/Third_Party/FreeRTOS/Source/timers.o
 .debug_rnglists
                0x00001559       0x5d ./Middlewares/Third_Party/FreeRTOS/Source/portable/GCC/ARM_CM4F/port.o
 .debug_rnglists
                0x000015b6       0x42 ./Middlewares/Third_Party/FreeRTOS/Source/portable/MemMang/heap_4.o

.debug_macro    0x00000000    0x2b64e
 .debug_macro   0x00000000      0xbf1 ./Core/Src/app_freertos.o
 .debug_macro   0x00000bf1      0xab4 ./Core/Src/app_freertos.o
 .debug_macro   0x000016a5      0x189 ./Core/Src/app_freertos.o
 .debug_macro   0x0000182e       0x22 ./Core/Src/app_freertos.o
 .debug_macro   0x00001850       0x8e ./Core/Src/app_freertos.o
 .debug_macro   0x000018de       0x51 ./Core/Src/app_freertos.o
 .debug_macro   0x0000192f      0x103 ./Core/Src/app_freertos.o
 .debug_macro   0x00001a32       0x6a ./Core/Src/app_freertos.o
 .debug_macro   0x00001a9c      0x1df ./Core/Src/app_freertos.o
 .debug_macro   0x00001c7b      0x169 ./Core/Src/app_freertos.o
 .debug_macro   0x00001de4      0x15a ./Core/Src/app_freertos.o
 .debug_macro   0x00001f3e       0xc9 ./Core/Src/app_freertos.o
 .debug_macro   0x00002007       0x1c ./Core/Src/app_freertos.o
 .debug_macro   0x00002023       0x26 ./Core/Src/app_freertos.o
 .debug_macro   0x00002049      0x4c5 ./Core/Src/app_freertos.o
 .debug_macro   0x0000250e       0xb5 ./Core/Src/app_freertos.o
 .debug_macro   0x000025c3       0xaa ./Core/Src/app_freertos.o
 .debug_macro   0x0000266d      0x167 ./Core/Src/app_freertos.o
 .debug_macro   0x000027d4       0x2e ./Core/Src/app_freertos.o
 .debug_macro   0x00002802       0x28 ./Core/Src/app_freertos.o
 .debug_macro   0x0000282a       0x1c ./Core/Src/app_freertos.o
 .debug_macro   0x00002846       0x22 ./Core/Src/app_freertos.o
 .debug_macro   0x00002868       0xfb ./Core/Src/app_freertos.o
 .debug_macro   0x00002963     0x1011 ./Core/Src/app_freertos.o
 .debug_macro   0x00003974      0x11f ./Core/Src/app_freertos.o
 .debug_macro   0x00003a93    0x18b8c ./Core/Src/app_freertos.o
 .debug_macro   0x0001c61f       0x6d ./Core/Src/app_freertos.o
 .debug_macro   0x0001c68c     0x3558 ./Core/Src/app_freertos.o
 .debug_macro   0x0001fbe4       0x5c ./Core/Src/app_freertos.o
 .debug_macro   0x0001fc40     0x171f ./Core/Src/app_freertos.o
 .debug_macro   0x0002135f      0x600 ./Core/Src/app_freertos.o
 .debug_macro   0x0002195f      0x1b6 ./Core/Src/app_freertos.o
 .debug_macro   0x00021b15      0x34a ./Core/Src/app_freertos.o
 .debug_macro   0x00021e5f      0x53c ./Core/Src/app_freertos.o
 .debug_macro   0x0002239b      0x18b ./Core/Src/app_freertos.o
 .debug_macro   0x00022526       0x43 ./Core/Src/app_freertos.o
 .debug_macro   0x00022569      0x23d ./Core/Src/app_freertos.o
 .debug_macro   0x000227a6      0x211 ./Core/Src/app_freertos.o
 .debug_macro   0x000229b7      0x45c ./Core/Src/app_freertos.o
 .debug_macro   0x00022e13      0x11c ./Core/Src/app_freertos.o
 .debug_macro   0x00022f2f       0x85 ./Core/Src/app_freertos.o
 .debug_macro   0x00022fb4      0x22c ./Core/Src/app_freertos.o
 .debug_macro   0x000231e0       0x61 ./Core/Src/app_freertos.o
 .debug_macro   0x00023241       0xa5 ./Core/Src/app_freertos.o
 .debug_macro   0x000232e6      0x122 ./Core/Src/app_freertos.o
 .debug_macro   0x00023408      0x3d1 ./Core/Src/app_freertos.o
 .debug_macro   0x000237d9      0xc0b ./Core/Src/app_freertos.o
 .debug_macro   0x000243e4      0x718 ./Core/Src/app_freertos.o
 .debug_macro   0x00024afc      0x693 ./Core/Src/app_freertos.o
 .debug_macro   0x0002518f       0xa6 ./Core/Src/app_freertos.o
 .debug_macro   0x00025235      0x358 ./Core/Src/app_freertos.o
 .debug_macro   0x0002558d       0x8e ./Core/Src/app_freertos.o
 .debug_macro   0x0002561b       0x6c ./Core/Src/app_freertos.o
 .debug_macro   0x00025687       0x74 ./Core/Src/app_freertos.o
 .debug_macro   0x000256fb       0xdd ./Core/Src/app_freertos.o
 .debug_macro   0x000257d8       0x61 ./Core/Src/app_freertos.o
 .debug_macro   0x00025839       0x2a ./Core/Src/app_freertos.o
 .debug_macro   0x00025863       0x43 ./Core/Src/app_freertos.o
 .debug_macro   0x000258a6       0x34 ./Core/Src/app_freertos.o
 .debug_macro   0x000258da       0x16 ./Core/Src/app_freertos.o
 .debug_macro   0x000258f0       0x43 ./Core/Src/app_freertos.o
 .debug_macro   0x00025933       0x34 ./Core/Src/app_freertos.o
 .debug_macro   0x00025967       0x10 ./Core/Src/app_freertos.o
 .debug_macro   0x00025977       0x58 ./Core/Src/app_freertos.o
 .debug_macro   0x000259cf       0x8e ./Core/Src/app_freertos.o
 .debug_macro   0x00025a5d       0x1c ./Core/Src/app_freertos.o
 .debug_macro   0x00025a79      0x177 ./Core/Src/app_freertos.o
 .debug_macro   0x00025bf0      0x369 ./Core/Src/app_freertos.o
 .debug_macro   0x00025f59      0x19b ./Core/Src/app_freertos.o
 .debug_macro   0x000260f4       0x16 ./Core/Src/app_freertos.o
 .debug_macro   0x0002610a       0x35 ./Core/Src/app_freertos.o
 .debug_macro   0x0002613f       0x20 ./Core/Src/app_freertos.o
 .debug_macro   0x0002615f       0x22 ./Core/Src/app_freertos.o
 .debug_macro   0x00026181       0x1c ./Core/Src/app_freertos.o
 .debug_macro   0x0002619d       0x5c ./Core/Src/app_freertos.o
 .debug_macro   0x000261f9       0x5e ./Core/Src/app_freertos.o
 .debug_macro   0x00026257       0x1c ./Core/Src/app_freertos.o
 .debug_macro   0x00026273       0x10 ./Core/Src/app_freertos.o
 .debug_macro   0x00026283       0x12 ./Core/Src/app_freertos.o
 .debug_macro   0x00026295       0x1c ./Core/Src/app_freertos.o
 .debug_macro   0x000262b1       0x10 ./Core/Src/app_freertos.o
 .debug_macro   0x000262c1       0x28 ./Core/Src/app_freertos.o
 .debug_macro   0x000262e9       0x16 ./Core/Src/app_freertos.o
 .debug_macro   0x000262ff       0x3a ./Core/Src/app_freertos.o
 .debug_macro   0x00026339       0x16 ./Core/Src/app_freertos.o
 .debug_macro   0x0002634f       0x58 ./Core/Src/app_freertos.o
 .debug_macro   0x000263a7       0x1c ./Core/Src/app_freertos.o
 .debug_macro   0x000263c3       0x1c ./Core/Src/app_freertos.o
 .debug_macro   0x000263df       0x16 ./Core/Src/app_freertos.o
 .debug_macro   0x000263f5      0x146 ./Core/Src/app_freertos.o
 .debug_macro   0x0002653b       0x10 ./Core/Src/app_freertos.o
 .debug_macro   0x0002654b       0x16 ./Core/Src/app_freertos.o
 .debug_macro   0x00026561       0x16 ./Core/Src/app_freertos.o
 .debug_macro   0x00026577       0x16 ./Core/Src/app_freertos.o
 .debug_macro   0x0002658d       0x29 ./Core/Src/app_freertos.o
 .debug_macro   0x000265b6       0x32 ./Core/Src/app_freertos.o
 .debug_macro   0x000265e8       0x51 ./Core/Src/app_freertos.o
 .debug_macro   0x00026639       0x10 ./Core/Src/app_freertos.o
 .debug_macro   0x00026649       0x10 ./Core/Src/app_freertos.o
 .debug_macro   0x00026659       0x2e ./Core/Src/app_freertos.o
 .debug_macro   0x00026687       0x17 ./Core/Src/app_freertos.o
 .debug_macro   0x0002669e       0x22 ./Core/Src/app_freertos.o
 .debug_macro   0x000266c0       0x16 ./Core/Src/app_freertos.o
 .debug_macro   0x000266d6       0x34 ./Core/Src/app_freertos.o
 .debug_macro   0x0002670a       0xe8 ./Core/Src/app_freertos.o
 .debug_macro   0x000267f2       0x28 ./Core/Src/app_freertos.o
 .debug_macro   0x0002681a       0x22 ./Core/Src/app_freertos.o
 .debug_macro   0x0002683c       0x28 ./Core/Src/app_freertos.o
 .debug_macro   0x00026864       0x28 ./Core/Src/app_freertos.o
 .debug_macro   0x0002688c       0x2e ./Core/Src/app_freertos.o
 .debug_macro   0x000268ba       0x10 ./Core/Src/app_freertos.o
 .debug_macro   0x000268ca       0x10 ./Core/Src/app_freertos.o
 .debug_macro   0x000268da       0x46 ./Core/Src/app_freertos.o
 .debug_macro   0x00026920       0x1c ./Core/Src/app_freertos.o
 .debug_macro   0x0002693c       0x28 ./Core/Src/app_freertos.o
 .debug_macro   0x00026964       0x28 ./Core/Src/app_freertos.o
 .debug_macro   0x0002698c       0x1c ./Core/Src/app_freertos.o
 .debug_macro   0x000269a8       0x10 ./Core/Src/app_freertos.o
 .debug_macro   0x000269b8       0x82 ./Core/Src/app_freertos.o
 .debug_macro   0x00026a3a       0x16 ./Core/Src/app_freertos.o
 .debug_macro   0x00026a50       0x10 ./Core/Src/app_freertos.o
 .debug_macro   0x00026a60       0x10 ./Core/Src/app_freertos.o
 .debug_macro   0x00026a70      0x273 ./Core/Src/app_freertos.o
 .debug_macro   0x00026ce3       0x64 ./Core/Src/app_freertos.o
 .debug_macro   0x00026d47       0x1c ./Core/Src/app_freertos.o
 .debug_macro   0x00026d63       0x10 ./Core/Src/app_freertos.o
 .debug_macro   0x00026d73       0xa0 ./Core/Src/app_freertos.o
 .debug_macro   0x00026e13       0x10 ./Core/Src/app_freertos.o
 .debug_macro   0x00026e23       0x28 ./Core/Src/app_freertos.o
 .debug_macro   0x00026e4b       0x19 ./Core/Src/app_freertos.o
 .debug_macro   0x00026e64       0x16 ./Core/Src/app_freertos.o
 .debug_macro   0x00026e7a       0x10 ./Core/Src/app_freertos.o
 .debug_macro   0x00026e8a       0x1c ./Core/Src/app_freertos.o
 .debug_macro   0x00026ea6       0x1c ./Core/Src/app_freertos.o
 .debug_macro   0x00026ec2       0x1c ./Core/Src/app_freertos.o
 .debug_macro   0x00026ede       0x1c ./Core/Src/app_freertos.o
 .debug_macro   0x00026efa       0x28 ./Core/Src/app_freertos.o
 .debug_macro   0x00026f22      0x20a ./Core/Src/dma.o
 .debug_macro   0x0002712c      0x20a ./Core/Src/gpio.o
 .debug_macro   0x00027336      0x20a ./Core/Src/i2c.o
 .debug_macro   0x00027540      0x20a ./Core/Src/iwdg.o
 .debug_macro   0x0002774a      0x2c6 ./Core/Src/main.o
 .debug_macro   0x00027a10      0x169 ./Core/Src/main.o
 .debug_macro   0x00027b79       0x66 ./Core/Src/main.o
 .debug_macro   0x00027bdf      0x200 ./Core/Src/stm32g4xx_hal_msp.o
 .debug_macro   0x00027ddf      0x1f1 ./Core/Src/stm32g4xx_hal_timebase_tim.o
 .debug_macro   0x00027fd0      0x20a ./Core/Src/stm32g4xx_it.o
 .debug_macro   0x000281da      0x1f1 ./Core/Src/system_stm32g4xx.o
 .debug_macro   0x000283cb      0x20a ./Core/Src/usart.o
 .debug_macro   0x000285d5      0x23f ./Drivers/STM32G4xx_HAL_Driver/Src/stm32g4xx_hal.o
 .debug_macro   0x00028814      0x1f1 ./Drivers/STM32G4xx_HAL_Driver/Src/stm32g4xx_hal_cortex.o
 .debug_macro   0x00028a05      0x1f1 ./Drivers/STM32G4xx_HAL_Driver/Src/stm32g4xx_hal_dma.o
 .debug_macro   0x00028bf6      0x1f8 ./Drivers/STM32G4xx_HAL_Driver/Src/stm32g4xx_hal_gpio.o
 .debug_macro   0x00028dee      0x2bd ./Drivers/STM32G4xx_HAL_Driver/Src/stm32g4xx_hal_i2c.o
 .debug_macro   0x000290ab      0x1f1 ./Drivers/STM32G4xx_HAL_Driver/Src/stm32g4xx_hal_i2c_ex.o
 .debug_macro   0x0002929c      0x1ff ./Drivers/STM32G4xx_HAL_Driver/Src/stm32g4xx_hal_iwdg.o
 .debug_macro   0x0002949b      0x21b ./Drivers/STM32G4xx_HAL_Driver/Src/stm32g4xx_hal_pwr_ex.o
 .debug_macro   0x000296b6      0x233 ./Drivers/STM32G4xx_HAL_Driver/Src/stm32g4xx_hal_rcc.o
 .debug_macro   0x000298e9      0x21b ./Drivers/STM32G4xx_HAL_Driver/Src/stm32g4xx_hal_rcc_ex.o
 .debug_macro   0x00029b04      0x1f9 ./Drivers/STM32G4xx_HAL_Driver/Src/stm32g4xx_hal_tim.o
 .debug_macro   0x00029cfd      0x1f7 ./Drivers/STM32G4xx_HAL_Driver/Src/stm32g4xx_hal_tim_ex.o
 .debug_macro   0x00029ef4      0x21c ./Drivers/STM32G4xx_HAL_Driver/Src/stm32g4xx_hal_uart.o
 .debug_macro   0x0002a110      0x1fd ./Drivers/STM32G4xx_HAL_Driver/Src/stm32g4xx_hal_uart_ex.o
 .debug_macro   0x0002a30d      0x3e8 ./Middlewares/Third_Party/FreeRTOS/Source/CMSIS_RTOS_V2/cmsis_os2.o
 .debug_macro   0x0002a6f5       0x10 ./Middlewares/Third_Party/FreeRTOS/Source/CMSIS_RTOS_V2/cmsis_os2.o
 .debug_macro   0x0002a705       0x10 ./Middlewares/Third_Party/FreeRTOS/Source/CMSIS_RTOS_V2/cmsis_os2.o
 .debug_macro   0x0002a715       0xf5 ./Middlewares/Third_Party/FreeRTOS/Source/CMSIS_RTOS_V2/cmsis_os2.o
 .debug_macro   0x0002a80a       0x91 ./Middlewares/Third_Party/FreeRTOS/Source/CMSIS_RTOS_V2/cmsis_os2.o
 .debug_macro   0x0002a89b       0x8d ./Middlewares/Third_Party/FreeRTOS/Source/CMSIS_RTOS_V2/cmsis_os2.o
 .debug_macro   0x0002a928       0x9a ./Middlewares/Third_Party/FreeRTOS/Source/CMSIS_RTOS_V2/cmsis_os2.o
 .debug_macro   0x0002a9c2       0x22 ./Middlewares/Third_Party/FreeRTOS/Source/CMSIS_RTOS_V2/cmsis_os2.o
 .debug_macro   0x0002a9e4      0x187 ./Middlewares/Third_Party/FreeRTOS/Source/list.o
 .debug_macro   0x0002ab6b      0x216 ./Middlewares/Third_Party/FreeRTOS/Source/queue.o
 .debug_macro   0x0002ad81       0x87 ./Middlewares/Third_Party/FreeRTOS/Source/queue.o
 .debug_macro   0x0002ae08      0x27f ./Middlewares/Third_Party/FreeRTOS/Source/tasks.o
 .debug_macro   0x0002b087       0x10 ./Middlewares/Third_Party/FreeRTOS/Source/tasks.o
 .debug_macro   0x0002b097      0x1dc ./Middlewares/Third_Party/FreeRTOS/Source/timers.o
 .debug_macro   0x0002b273       0x97 ./Middlewares/Third_Party/FreeRTOS/Source/timers.o
 .debug_macro   0x0002b30a      0x196 ./Middlewares/Third_Party/FreeRTOS/Source/portable/GCC/ARM_CM4F/port.o
 .debug_macro   0x0002b4a0      0x1ae ./Middlewares/Third_Party/FreeRTOS/Source/portable/MemMang/heap_4.o

.debug_line     0x00000000    0x23f67
 .debug_line    0x00000000     0x2486 ./Core/Src/app_freertos.o
 .debug_line    0x00002486      0x6f6 ./Core/Src/dma.o
 .debug_line    0x00002b7c      0x713 ./Core/Src/gpio.o
 .debug_line    0x0000328f      0x799 ./Core/Src/i2c.o
 .debug_line    0x00003a28      0x705 ./Core/Src/iwdg.o
 .debug_line    0x0000412d      0x913 ./Core/Src/main.o
 .debug_line    0x00004a40      0x6fa ./Core/Src/stm32g4xx_hal_msp.o
 .debug_line    0x0000513a      0x762 ./Core/Src/stm32g4xx_hal_timebase_tim.o
 .debug_line    0x0000589c      0x7f4 ./Core/Src/stm32g4xx_it.o
 .debug_line    0x00006090      0x764 ./Core/Src/system_stm32g4xx.o
 .debug_line    0x000067f4      0x7e3 ./Core/Src/usart.o
 .debug_line    0x00006fd7       0x7b ./Core/Startup/startup_stm32g474retx.o
 .debug_line    0x00007052      0xb20 ./Drivers/STM32G4xx_HAL_Driver/Src/stm32g4xx_hal.o
 .debug_line    0x00007b72      0xcb3 ./Drivers/STM32G4xx_HAL_Driver/Src/stm32g4xx_hal_cortex.o
 .debug_line    0x00008825      0xe4a ./Drivers/STM32G4xx_HAL_Driver/Src/stm32g4xx_hal_dma.o
 .debug_line    0x0000966f      0xb39 ./Drivers/STM32G4xx_HAL_Driver/Src/stm32g4xx_hal_gpio.o
 .debug_line    0x0000a1a8     0x39e6 ./Drivers/STM32G4xx_HAL_Driver/Src/stm32g4xx_hal_i2c.o
 .debug_line    0x0000db8e      0x915 ./Drivers/STM32G4xx_HAL_Driver/Src/stm32g4xx_hal_i2c_ex.o
 .debug_line    0x0000e4a3      0x783 ./Drivers/STM32G4xx_HAL_Driver/Src/stm32g4xx_hal_iwdg.o
 .debug_line    0x0000ec26      0xc8f ./Drivers/STM32G4xx_HAL_Driver/Src/stm32g4xx_hal_pwr_ex.o
 .debug_line    0x0000f8b5      0xeeb ./Drivers/STM32G4xx_HAL_Driver/Src/stm32g4xx_hal_rcc.o
 .debug_line    0x000107a0     0x11fc ./Drivers/STM32G4xx_HAL_Driver/Src/stm32g4xx_hal_rcc_ex.o
 .debug_line    0x0001199c     0x3fe0 ./Drivers/STM32G4xx_HAL_Driver/Src/stm32g4xx_hal_tim.o
 .debug_line    0x0001597c     0x2123 ./Drivers/STM32G4xx_HAL_Driver/Src/stm32g4xx_hal_tim_ex.o
 .debug_line    0x00017a9f     0x3bbd ./Drivers/STM32G4xx_HAL_Driver/Src/stm32g4xx_hal_uart.o
 .debug_line    0x0001b65c      0xd46 ./Drivers/STM32G4xx_HAL_Driver/Src/stm32g4xx_hal_uart_ex.o
 .debug_line    0x0001c3a2     0x2337 ./Middlewares/Third_Party/FreeRTOS/Source/CMSIS_RTOS_V2/cmsis_os2.o
 .debug_line    0x0001e6d9      0x6cb ./Middlewares/Third_Party/FreeRTOS/Source/list.o
 .debug_line    0x0001eda4     0x1695 ./Middlewares/Third_Party/FreeRTOS/Source/queue.o
 .debug_line    0x00020439     0x1d67 ./Middlewares/Third_Party/FreeRTOS/Source/tasks.o
 .debug_line    0x000221a0      0xd53 ./Middlewares/Third_Party/FreeRTOS/Source/timers.o
 .debug_line    0x00022ef3      0x77e ./Middlewares/Third_Party/FreeRTOS/Source/portable/GCC/ARM_CM4F/port.o
 .debug_line    0x00023671      0x8f6 ./Middlewares/Third_Party/FreeRTOS/Source/portable/MemMang/heap_4.o
