../Core/Src/app_freertos.c:195:7:map_adc_to_output	24	static
../Core/Src/app_freertos.c:201:6:timer_callback	112	static
../Core/Src/app_freertos.c:272:6:imu_calib_service_callback	32	static
../Core/Src/app_freertos.c:299:6:imu_status_service_callback	32	static
../Core/Src/app_freertos.c:326:6:ADC_Averaged	16	static
../Core/Src/app_freertos.c:341:6:Read_Buttons	8	static
../Core/Src/app_freertos.c:347:6:HAL_GPIO_EXTI_Callback	16	static
../Core/Src/app_freertos.c:368:6:MX_FREERTOS_Init	8	static
../Core/Src/app_freertos.c:412:6:StartDefaultTask	472	static
